

================================================================
== Vivado HLS Report for 'dft'
================================================================
* Date:           Fri Nov  9 13:37:59 2018

* Version:        2017.4 (Build 2086221 on Fri Dec 15 21:13:33 MST 2017)
* Project:        hls
* Solution:       solution1
* Product family: zynq
* Target device:  xc7z020clg484-1


================================================================
== Performance Estimates
================================================================
+ Timing (ns): 
    * Summary: 
    +--------+-------+----------+------------+
    |  Clock | Target| Estimated| Uncertainty|
    +--------+-------+----------+------------+
    |ap_clk  |  10.00|      7.26|        1.25|
    +--------+-------+----------+------------+

+ Latency (clock cycles): 
    * Summary: 
    +---------+---------+---------+---------+---------+
    |      Latency      |      Interval     | Pipeline|
    |   min   |   max   |   min   |   max   |   Type  |
    +---------+---------+---------+---------+---------+
    |  1966593|  1966593|  1966593|  1966593|   none  |
    +---------+---------+---------+---------+---------+

    + Detail: 
        * Instance: 
        N/A

        * Loop: 
        +-------------+---------+---------+----------+-----------+-----------+------+----------+
        |             |      Latency      | Iteration|  Initiation Interval  | Trip |          |
        |  Loop Name  |   min   |   max   |  Latency |  achieved |   target  | Count| Pipelined|
        +-------------+---------+---------+----------+-----------+-----------+------+----------+
        |- Loop 1     |  1966592|  1966592|      7682|          -|          -|   256|    no    |
        | + Loop 1.1  |     7680|     7680|        30|          -|          -|   256|    no    |
        +-------------+---------+---------+----------+-----------+-----------+------+----------+



================================================================
== Utilization Estimates
================================================================
* Summary: 
+-----------------+---------+-------+--------+-------+
|       Name      | BRAM_18K| DSP48E|   FF   |  LUT  |
+-----------------+---------+-------+--------+-------+
|DSP              |        -|      -|       -|      -|
|Expression       |        -|      -|       0|     81|
|FIFO             |        -|      -|       -|      -|
|Instance         |        -|      8|     491|   1292|
|Memory           |        0|      -|    1024|    256|
|Multiplexer      |        -|      -|       -|   4601|
|Register         |        -|      -|     513|      -|
+-----------------+---------+-------+--------+-------+
|Total            |        0|      8|    2028|   6230|
+-----------------+---------+-------+--------+-------+
|Available        |      280|    220|  106400|  53200|
+-----------------+---------+-------+--------+-------+
|Utilization (%)  |        0|      3|       1|     11|
+-----------------+---------+-------+--------+-------+

+ Detail: 
    * Instance: 
    +-------------------------+----------------------+---------+-------+-----+-----+
    |         Instance        |        Module        | BRAM_18K| DSP48E|  FF | LUT |
    +-------------------------+----------------------+---------+-------+-----+-----+
    |dft_faddfsub_32nsHfu_U1  |dft_faddfsub_32nsHfu  |        0|      2|  205|  390|
    |dft_fmul_32ns_32nIfE_U2  |dft_fmul_32ns_32nIfE  |        0|      3|  143|  321|
    |dft_fmul_32ns_32nIfE_U3  |dft_fmul_32ns_32nIfE  |        0|      3|  143|  321|
    |dft_mux_164_32_1_1_U4    |dft_mux_164_32_1_1    |        0|      0|    0|   65|
    |dft_mux_164_32_1_1_U5    |dft_mux_164_32_1_1    |        0|      0|    0|   65|
    |dft_mux_164_32_1_1_U6    |dft_mux_164_32_1_1    |        0|      0|    0|   65|
    |dft_mux_164_32_1_1_U7    |dft_mux_164_32_1_1    |        0|      0|    0|   65|
    +-------------------------+----------------------+---------+-------+-----+-----+
    |Total                    |                      |        0|      8|  491| 1292|
    +-------------------------+----------------------+---------+-------+-----+-----+

    * DSP48: 
    N/A

    * Memory: 
    +---------------------------+----------------------+---------+----+----+------+-----+------+-------------+
    |           Memory          |        Module        | BRAM_18K| FF | LUT| Words| Bits| Banks| W*Bits*Banks|
    +---------------------------+----------------------+---------+----+----+------+-----+------+-------------+
    |cos_coefficients_tab_15_U  |dft_cos_coefficiebkb  |        0|  32|   8|    16|   32|     1|          512|
    |cos_coefficients_tab_14_U  |dft_cos_coefficiecud  |        0|  32|   8|    16|   32|     1|          512|
    |cos_coefficients_tab_7_U   |dft_cos_coefficiedEe  |        0|  32|   8|    16|   32|     1|          512|
    |cos_coefficients_tab_6_U   |dft_cos_coefficieeOg  |        0|  32|   8|    16|   32|     1|          512|
    |cos_coefficients_tab_5_U   |dft_cos_coefficiefYi  |        0|  32|   8|    16|   32|     1|          512|
    |cos_coefficients_tab_4_U   |dft_cos_coefficieg8j  |        0|  32|   8|    16|   32|     1|          512|
    |cos_coefficients_tab_3_U   |dft_cos_coefficiehbi  |        0|  32|   8|    16|   32|     1|          512|
    |cos_coefficients_tab_2_U   |dft_cos_coefficieibs  |        0|  32|   8|    16|   32|     1|          512|
    |cos_coefficients_tab_1_U   |dft_cos_coefficiejbC  |        0|  32|   8|    16|   32|     1|          512|
    |cos_coefficients_tab_U     |dft_cos_coefficiekbM  |        0|  32|   8|    16|   32|     1|          512|
    |cos_coefficients_tab_13_U  |dft_cos_coefficielbW  |        0|  32|   8|    16|   32|     1|          512|
    |cos_coefficients_tab_12_U  |dft_cos_coefficiemb6  |        0|  32|   8|    16|   32|     1|          512|
    |cos_coefficients_tab_11_U  |dft_cos_coefficiencg  |        0|  32|   8|    16|   32|     1|          512|
    |cos_coefficients_tab_10_U  |dft_cos_coefficieocq  |        0|  32|   8|    16|   32|     1|          512|
    |cos_coefficients_tab_9_U   |dft_cos_coefficiepcA  |        0|  32|   8|    16|   32|     1|          512|
    |cos_coefficients_tab_8_U   |dft_cos_coefficieqcK  |        0|  32|   8|    16|   32|     1|          512|
    |sin_coefficients_tab_U     |dft_sin_coefficieAem  |        0|  32|   8|    16|   32|     1|          512|
    |sin_coefficients_tab_13_U  |dft_sin_coefficieBew  |        0|  32|   8|    16|   32|     1|          512|
    |sin_coefficients_tab_12_U  |dft_sin_coefficieCeG  |        0|  32|   8|    16|   32|     1|          512|
    |sin_coefficients_tab_11_U  |dft_sin_coefficieDeQ  |        0|  32|   8|    16|   32|     1|          512|
    |sin_coefficients_tab_10_U  |dft_sin_coefficieEe0  |        0|  32|   8|    16|   32|     1|          512|
    |sin_coefficients_tab_9_U   |dft_sin_coefficieFfa  |        0|  32|   8|    16|   32|     1|          512|
    |sin_coefficients_tab_8_U   |dft_sin_coefficieGfk  |        0|  32|   8|    16|   32|     1|          512|
    |sin_coefficients_tab_15_U  |dft_sin_coefficiercU  |        0|  32|   8|    16|   32|     1|          512|
    |sin_coefficients_tab_14_U  |dft_sin_coefficiesc4  |        0|  32|   8|    16|   32|     1|          512|
    |sin_coefficients_tab_7_U   |dft_sin_coefficietde  |        0|  32|   8|    16|   32|     1|          512|
    |sin_coefficients_tab_6_U   |dft_sin_coefficieudo  |        0|  32|   8|    16|   32|     1|          512|
    |sin_coefficients_tab_5_U   |dft_sin_coefficievdy  |        0|  32|   8|    16|   32|     1|          512|
    |sin_coefficients_tab_4_U   |dft_sin_coefficiewdI  |        0|  32|   8|    16|   32|     1|          512|
    |sin_coefficients_tab_3_U   |dft_sin_coefficiexdS  |        0|  32|   8|    16|   32|     1|          512|
    |sin_coefficients_tab_2_U   |dft_sin_coefficieyd2  |        0|  32|   8|    16|   32|     1|          512|
    |sin_coefficients_tab_1_U   |dft_sin_coefficiezec  |        0|  32|   8|    16|   32|     1|          512|
    +---------------------------+----------------------+---------+----+----+------+-----+------+-------------+
    |Total                      |                      |        0|1024| 256|   512| 1024|    32|        16384|
    +---------------------------+----------------------+---------+----+----+------+-----+------+-------------+

    * FIFO: 
    N/A

    * Expression: 
    +----------------------+----------+-------+---+----+------------+------------+
    |     Variable Name    | Operation| DSP48E| FF| LUT| Bitwidth P0| Bitwidth P1|
    +----------------------+----------+-------+---+----+------------+------------+
    |i_1_fu_4641_p2        |     +    |      0|  0|  16|           9|           1|
    |j_1_fu_4691_p2        |     +    |      0|  0|  16|           9|           1|
    |next_mul_fu_4697_p2   |     +    |      0|  0|  23|          16|          16|
    |exitcond1_fu_4635_p2  |   icmp   |      0|  0|  13|           9|          10|
    |exitcond_fu_4685_p2   |   icmp   |      0|  0|  13|           9|          10|
    +----------------------+----------+-------+---+----+------------+------------+
    |Total                 |          |      0|  0|  81|          52|          38|
    +----------------------+----------+-------+---+----+------------+------------+

    * Multiplexer: 
    +-----------------------+-----+-----------+-----+-----------+
    |          Name         | LUT | Input Size| Bits| Total Bits|
    +-----------------------+-----+-----------+-----+-----------+
    |ap_NS_fsm              |  149|         33|    1|         33|
    |grp_fu_4329_opcode     |   15|          3|    2|          6|
    |grp_fu_4329_p0         |   21|          4|   32|        128|
    |grp_fu_4329_p1         |   21|          4|   32|        128|
    |grp_fu_4591_p1         |   15|          3|   32|         96|
    |grp_fu_4595_p1         |   15|          3|   32|         96|
    |i_reg_4272             |    9|          2|    9|         18|
    |j_reg_4307             |    9|          2|    9|         18|
    |outImag_0              |   15|          3|   32|         96|
    |outImag_1              |   15|          3|   32|         96|
    |outImag_10             |   15|          3|   32|         96|
    |outImag_100            |   15|          3|   32|         96|
    |outImag_101            |   15|          3|   32|         96|
    |outImag_102            |   15|          3|   32|         96|
    |outImag_103            |   15|          3|   32|         96|
    |outImag_104            |   15|          3|   32|         96|
    |outImag_105            |   15|          3|   32|         96|
    |outImag_106            |   15|          3|   32|         96|
    |outImag_107            |   15|          3|   32|         96|
    |outImag_108            |   15|          3|   32|         96|
    |outImag_109            |   15|          3|   32|         96|
    |outImag_11             |   15|          3|   32|         96|
    |outImag_110            |   15|          3|   32|         96|
    |outImag_111            |   15|          3|   32|         96|
    |outImag_112            |   15|          3|   32|         96|
    |outImag_113            |   15|          3|   32|         96|
    |outImag_114            |   15|          3|   32|         96|
    |outImag_115            |   15|          3|   32|         96|
    |outImag_116            |   15|          3|   32|         96|
    |outImag_117            |   15|          3|   32|         96|
    |outImag_118            |   15|          3|   32|         96|
    |outImag_119            |   15|          3|   32|         96|
    |outImag_12             |   15|          3|   32|         96|
    |outImag_120            |   15|          3|   32|         96|
    |outImag_121            |   15|          3|   32|         96|
    |outImag_122            |   15|          3|   32|         96|
    |outImag_123            |   15|          3|   32|         96|
    |outImag_124            |   15|          3|   32|         96|
    |outImag_125            |   15|          3|   32|         96|
    |outImag_126            |   15|          3|   32|         96|
    |outImag_127            |   15|          3|   32|         96|
    |outImag_128            |   15|          3|   32|         96|
    |outImag_129            |   15|          3|   32|         96|
    |outImag_13             |   15|          3|   32|         96|
    |outImag_130            |   15|          3|   32|         96|
    |outImag_131            |   15|          3|   32|         96|
    |outImag_132            |   15|          3|   32|         96|
    |outImag_133            |   15|          3|   32|         96|
    |outImag_134            |   15|          3|   32|         96|
    |outImag_135            |   15|          3|   32|         96|
    |outImag_136            |   15|          3|   32|         96|
    |outImag_137            |   15|          3|   32|         96|
    |outImag_138            |   15|          3|   32|         96|
    |outImag_139            |   15|          3|   32|         96|
    |outImag_14             |   15|          3|   32|         96|
    |outImag_140            |   15|          3|   32|         96|
    |outImag_141            |   15|          3|   32|         96|
    |outImag_142            |   15|          3|   32|         96|
    |outImag_143            |   15|          3|   32|         96|
    |outImag_144            |   15|          3|   32|         96|
    |outImag_145            |   15|          3|   32|         96|
    |outImag_146            |   15|          3|   32|         96|
    |outImag_147            |   15|          3|   32|         96|
    |outImag_148            |   15|          3|   32|         96|
    |outImag_149            |   15|          3|   32|         96|
    |outImag_15             |   15|          3|   32|         96|
    |outImag_150            |   15|          3|   32|         96|
    |outImag_151            |   15|          3|   32|         96|
    |outImag_152            |   15|          3|   32|         96|
    |outImag_153            |   15|          3|   32|         96|
    |outImag_154            |   15|          3|   32|         96|
    |outImag_155            |   15|          3|   32|         96|
    |outImag_156            |   15|          3|   32|         96|
    |outImag_157            |   15|          3|   32|         96|
    |outImag_158            |   15|          3|   32|         96|
    |outImag_159            |   15|          3|   32|         96|
    |outImag_16             |   15|          3|   32|         96|
    |outImag_160            |   15|          3|   32|         96|
    |outImag_161            |   15|          3|   32|         96|
    |outImag_162            |   15|          3|   32|         96|
    |outImag_163            |   15|          3|   32|         96|
    |outImag_164            |   15|          3|   32|         96|
    |outImag_165            |   15|          3|   32|         96|
    |outImag_166            |   15|          3|   32|         96|
    |outImag_167            |   15|          3|   32|         96|
    |outImag_168            |   15|          3|   32|         96|
    |outImag_169            |   15|          3|   32|         96|
    |outImag_17             |   15|          3|   32|         96|
    |outImag_170            |   15|          3|   32|         96|
    |outImag_171            |   15|          3|   32|         96|
    |outImag_172            |   15|          3|   32|         96|
    |outImag_173            |   15|          3|   32|         96|
    |outImag_174            |   15|          3|   32|         96|
    |outImag_175            |   15|          3|   32|         96|
    |outImag_176            |   15|          3|   32|         96|
    |outImag_177            |   15|          3|   32|         96|
    |outImag_178            |   15|          3|   32|         96|
    |outImag_179            |   15|          3|   32|         96|
    |outImag_18             |   15|          3|   32|         96|
    |outImag_180            |   15|          3|   32|         96|
    |outImag_181            |   15|          3|   32|         96|
    |outImag_182            |   15|          3|   32|         96|
    |outImag_183            |   15|          3|   32|         96|
    |outImag_184            |   15|          3|   32|         96|
    |outImag_185            |   15|          3|   32|         96|
    |outImag_186            |   15|          3|   32|         96|
    |outImag_187            |   15|          3|   32|         96|
    |outImag_188            |   15|          3|   32|         96|
    |outImag_189            |   15|          3|   32|         96|
    |outImag_19             |   15|          3|   32|         96|
    |outImag_190            |   15|          3|   32|         96|
    |outImag_191            |   15|          3|   32|         96|
    |outImag_192            |   15|          3|   32|         96|
    |outImag_193            |   15|          3|   32|         96|
    |outImag_194            |   15|          3|   32|         96|
    |outImag_195            |   15|          3|   32|         96|
    |outImag_196            |   15|          3|   32|         96|
    |outImag_197            |   15|          3|   32|         96|
    |outImag_198            |   15|          3|   32|         96|
    |outImag_199            |   15|          3|   32|         96|
    |outImag_2              |   15|          3|   32|         96|
    |outImag_20             |   15|          3|   32|         96|
    |outImag_200            |   15|          3|   32|         96|
    |outImag_201            |   15|          3|   32|         96|
    |outImag_202            |   15|          3|   32|         96|
    |outImag_203            |   15|          3|   32|         96|
    |outImag_204            |   15|          3|   32|         96|
    |outImag_205            |   15|          3|   32|         96|
    |outImag_206            |   15|          3|   32|         96|
    |outImag_207            |   15|          3|   32|         96|
    |outImag_208            |   15|          3|   32|         96|
    |outImag_209            |   15|          3|   32|         96|
    |outImag_21             |   15|          3|   32|         96|
    |outImag_210            |   15|          3|   32|         96|
    |outImag_211            |   15|          3|   32|         96|
    |outImag_212            |   15|          3|   32|         96|
    |outImag_213            |   15|          3|   32|         96|
    |outImag_214            |   15|          3|   32|         96|
    |outImag_215            |   15|          3|   32|         96|
    |outImag_216            |   15|          3|   32|         96|
    |outImag_217            |   15|          3|   32|         96|
    |outImag_218            |   15|          3|   32|         96|
    |outImag_219            |   15|          3|   32|         96|
    |outImag_22             |   15|          3|   32|         96|
    |outImag_220            |   15|          3|   32|         96|
    |outImag_221            |   15|          3|   32|         96|
    |outImag_222            |   15|          3|   32|         96|
    |outImag_223            |   15|          3|   32|         96|
    |outImag_224            |   15|          3|   32|         96|
    |outImag_225            |   15|          3|   32|         96|
    |outImag_226            |   15|          3|   32|         96|
    |outImag_227            |   15|          3|   32|         96|
    |outImag_228            |   15|          3|   32|         96|
    |outImag_229            |   15|          3|   32|         96|
    |outImag_23             |   15|          3|   32|         96|
    |outImag_230            |   15|          3|   32|         96|
    |outImag_231            |   15|          3|   32|         96|
    |outImag_232            |   15|          3|   32|         96|
    |outImag_233            |   15|          3|   32|         96|
    |outImag_234            |   15|          3|   32|         96|
    |outImag_235            |   15|          3|   32|         96|
    |outImag_236            |   15|          3|   32|         96|
    |outImag_237            |   15|          3|   32|         96|
    |outImag_238            |   15|          3|   32|         96|
    |outImag_239            |   15|          3|   32|         96|
    |outImag_24             |   15|          3|   32|         96|
    |outImag_240            |   15|          3|   32|         96|
    |outImag_241            |   15|          3|   32|         96|
    |outImag_242            |   15|          3|   32|         96|
    |outImag_243            |   15|          3|   32|         96|
    |outImag_244            |   15|          3|   32|         96|
    |outImag_245            |   15|          3|   32|         96|
    |outImag_246            |   15|          3|   32|         96|
    |outImag_247            |   15|          3|   32|         96|
    |outImag_248            |   15|          3|   32|         96|
    |outImag_249            |   15|          3|   32|         96|
    |outImag_25             |   15|          3|   32|         96|
    |outImag_250            |   15|          3|   32|         96|
    |outImag_251            |   15|          3|   32|         96|
    |outImag_252            |   15|          3|   32|         96|
    |outImag_253            |   15|          3|   32|         96|
    |outImag_254            |   15|          3|   32|         96|
    |outImag_255            |   15|          3|   32|         96|
    |outImag_26             |   15|          3|   32|         96|
    |outImag_27             |   15|          3|   32|         96|
    |outImag_28             |   15|          3|   32|         96|
    |outImag_29             |   15|          3|   32|         96|
    |outImag_3              |   15|          3|   32|         96|
    |outImag_30             |   15|          3|   32|         96|
    |outImag_31             |   15|          3|   32|         96|
    |outImag_32             |   15|          3|   32|         96|
    |outImag_33             |   15|          3|   32|         96|
    |outImag_34             |   15|          3|   32|         96|
    |outImag_35             |   15|          3|   32|         96|
    |outImag_36             |   15|          3|   32|         96|
    |outImag_37             |   15|          3|   32|         96|
    |outImag_38             |   15|          3|   32|         96|
    |outImag_39             |   15|          3|   32|         96|
    |outImag_4              |   15|          3|   32|         96|
    |outImag_40             |   15|          3|   32|         96|
    |outImag_41             |   15|          3|   32|         96|
    |outImag_42             |   15|          3|   32|         96|
    |outImag_43             |   15|          3|   32|         96|
    |outImag_44             |   15|          3|   32|         96|
    |outImag_45             |   15|          3|   32|         96|
    |outImag_46             |   15|          3|   32|         96|
    |outImag_47             |   15|          3|   32|         96|
    |outImag_48             |   15|          3|   32|         96|
    |outImag_49             |   15|          3|   32|         96|
    |outImag_5              |   15|          3|   32|         96|
    |outImag_50             |   15|          3|   32|         96|
    |outImag_51             |   15|          3|   32|         96|
    |outImag_52             |   15|          3|   32|         96|
    |outImag_53             |   15|          3|   32|         96|
    |outImag_54             |   15|          3|   32|         96|
    |outImag_55             |   15|          3|   32|         96|
    |outImag_56             |   15|          3|   32|         96|
    |outImag_57             |   15|          3|   32|         96|
    |outImag_58             |   15|          3|   32|         96|
    |outImag_59             |   15|          3|   32|         96|
    |outImag_6              |   15|          3|   32|         96|
    |outImag_60             |   15|          3|   32|         96|
    |outImag_61             |   15|          3|   32|         96|
    |outImag_62             |   15|          3|   32|         96|
    |outImag_63             |   15|          3|   32|         96|
    |outImag_64             |   15|          3|   32|         96|
    |outImag_65             |   15|          3|   32|         96|
    |outImag_66             |   15|          3|   32|         96|
    |outImag_67             |   15|          3|   32|         96|
    |outImag_68             |   15|          3|   32|         96|
    |outImag_69             |   15|          3|   32|         96|
    |outImag_7              |   15|          3|   32|         96|
    |outImag_70             |   15|          3|   32|         96|
    |outImag_71             |   15|          3|   32|         96|
    |outImag_72             |   15|          3|   32|         96|
    |outImag_73             |   15|          3|   32|         96|
    |outImag_74             |   15|          3|   32|         96|
    |outImag_75             |   15|          3|   32|         96|
    |outImag_76             |   15|          3|   32|         96|
    |outImag_77             |   15|          3|   32|         96|
    |outImag_78             |   15|          3|   32|         96|
    |outImag_79             |   15|          3|   32|         96|
    |outImag_8              |   15|          3|   32|         96|
    |outImag_80             |   15|          3|   32|         96|
    |outImag_81             |   15|          3|   32|         96|
    |outImag_82             |   15|          3|   32|         96|
    |outImag_83             |   15|          3|   32|         96|
    |outImag_84             |   15|          3|   32|         96|
    |outImag_85             |   15|          3|   32|         96|
    |outImag_86             |   15|          3|   32|         96|
    |outImag_87             |   15|          3|   32|         96|
    |outImag_88             |   15|          3|   32|         96|
    |outImag_89             |   15|          3|   32|         96|
    |outImag_9              |   15|          3|   32|         96|
    |outImag_90             |   15|          3|   32|         96|
    |outImag_91             |   15|          3|   32|         96|
    |outImag_92             |   15|          3|   32|         96|
    |outImag_93             |   15|          3|   32|         96|
    |outImag_94             |   15|          3|   32|         96|
    |outImag_95             |   15|          3|   32|         96|
    |outImag_96             |   15|          3|   32|         96|
    |outImag_97             |   15|          3|   32|         96|
    |outImag_98             |   15|          3|   32|         96|
    |outImag_99             |   15|          3|   32|         96|
    |outImag_load_reg_4283  |    9|          2|   32|         64|
    |outReal_0_address0     |   15|          3|    4|         12|
    |outReal_0_d0           |   15|          3|   32|         96|
    |outReal_10_address0    |   15|          3|    4|         12|
    |outReal_10_d0          |   15|          3|   32|         96|
    |outReal_11_address0    |   15|          3|    4|         12|
    |outReal_11_d0          |   15|          3|   32|         96|
    |outReal_12_address0    |   15|          3|    4|         12|
    |outReal_12_d0          |   15|          3|   32|         96|
    |outReal_13_address0    |   15|          3|    4|         12|
    |outReal_13_d0          |   15|          3|   32|         96|
    |outReal_14_address0    |   15|          3|    4|         12|
    |outReal_14_d0          |   15|          3|   32|         96|
    |outReal_15_address0    |   15|          3|    4|         12|
    |outReal_15_d0          |   15|          3|   32|         96|
    |outReal_1_address0     |   15|          3|    4|         12|
    |outReal_1_d0           |   15|          3|   32|         96|
    |outReal_2_address0     |   15|          3|    4|         12|
    |outReal_2_d0           |   15|          3|   32|         96|
    |outReal_3_address0     |   15|          3|    4|         12|
    |outReal_3_d0           |   15|          3|   32|         96|
    |outReal_4_address0     |   15|          3|    4|         12|
    |outReal_4_d0           |   15|          3|   32|         96|
    |outReal_5_address0     |   15|          3|    4|         12|
    |outReal_5_d0           |   15|          3|   32|         96|
    |outReal_6_address0     |   15|          3|    4|         12|
    |outReal_6_d0           |   15|          3|   32|         96|
    |outReal_7_address0     |   15|          3|    4|         12|
    |outReal_7_d0           |   15|          3|   32|         96|
    |outReal_8_address0     |   15|          3|    4|         12|
    |outReal_8_d0           |   15|          3|   32|         96|
    |outReal_9_address0     |   15|          3|    4|         12|
    |outReal_9_d0           |   15|          3|   32|         96|
    |outReal_load_reg_4295  |    9|          2|   32|         64|
    |phi_mul_reg_4318       |    9|          2|   16|         32|
    +-----------------------+-----+-----------+-----+-----------+
    |Total                  | 4601|        924| 8997|      26987|
    +-----------------------+-----+-----------+-----+-----------+

    * Register: 
    +--------------------------+----+----+-----+-----------+
    |           Name           | FF | LUT| Bits| Const Bits|
    +--------------------------+----+----+-----+-----------+
    |ap_CS_fsm                 |  32|   0|   32|          0|
    |c_reg_5396                |  32|   0|   32|          0|
    |i_1_reg_4958              |   9|   0|    9|          0|
    |i_cast5_cast_reg_4950     |   9|   0|   16|          7|
    |i_reg_4272                |   9|   0|    9|          0|
    |j_1_reg_5054              |   9|   0|    9|          0|
    |j_reg_4307                |   9|   0|    9|          0|
    |next_mul_reg_5059         |  16|   0|   16|          0|
    |outImag_load_reg_4283     |  32|   0|   32|          0|
    |outReal_0_addr_reg_4967   |   4|   0|    4|          0|
    |outReal_10_addr_reg_5017  |   4|   0|    4|          0|
    |outReal_11_addr_reg_5022  |   4|   0|    4|          0|
    |outReal_12_addr_reg_5027  |   4|   0|    4|          0|
    |outReal_13_addr_reg_5032  |   4|   0|    4|          0|
    |outReal_14_addr_reg_5037  |   4|   0|    4|          0|
    |outReal_15_addr_reg_5042  |   4|   0|    4|          0|
    |outReal_1_addr_reg_4972   |   4|   0|    4|          0|
    |outReal_2_addr_reg_4977   |   4|   0|    4|          0|
    |outReal_3_addr_reg_4982   |   4|   0|    4|          0|
    |outReal_4_addr_reg_4987   |   4|   0|    4|          0|
    |outReal_5_addr_reg_4992   |   4|   0|    4|          0|
    |outReal_6_addr_reg_4997   |   4|   0|    4|          0|
    |outReal_7_addr_reg_5002   |   4|   0|    4|          0|
    |outReal_8_addr_reg_5007   |   4|   0|    4|          0|
    |outReal_9_addr_reg_5012   |   4|   0|    4|          0|
    |outReal_load_reg_4295     |  32|   0|   32|          0|
    |phi_mul_reg_4318          |  16|   0|   16|          0|
    |reg_4599                  |  32|   0|   32|          0|
    |reg_4604                  |  32|   0|   32|          0|
    |reg_4609                  |  32|   0|   32|          0|
    |s_reg_5402                |  32|   0|   32|          0|
    |tmp_10_reg_5047           |   8|   0|    8|          0|
    |tmp_11_reg_5064           |   4|   0|    4|          0|
    |tmp_12_reg_5230           |   4|   0|    4|          0|
    |tmp_2_reg_4963            |   4|   0|    4|          0|
    |tmp_4_reg_5413            |  32|   0|   32|          0|
    |tmp_5_reg_5418            |  32|   0|   32|          0|
    |tmp_reg_5408              |  32|   0|   32|          0|
    +--------------------------+----+----+-----+-----------+
    |Total                     | 513|   0|  520|          7|
    +--------------------------+----+----+-----+-----------+



================================================================
== Interface
================================================================
* Summary: 
+-------------------------+-----+-----+------------+----------------+--------------+
|        RTL Ports        | Dir | Bits|  Protocol  |  Source Object |    C Type    |
+-------------------------+-----+-----+------------+----------------+--------------+
|ap_clk                   |  in |    1| ap_ctrl_hs |       dft      | return value |
|ap_rst                   |  in |    1| ap_ctrl_hs |       dft      | return value |
|ap_start                 |  in |    1| ap_ctrl_hs |       dft      | return value |
|ap_done                  | out |    1| ap_ctrl_hs |       dft      | return value |
|ap_idle                  | out |    1| ap_ctrl_hs |       dft      | return value |
|ap_ready                 | out |    1| ap_ctrl_hs |       dft      | return value |
|real_sample_0_address0   | out |    4|  ap_memory |  real_sample_0 |     array    |
|real_sample_0_ce0        | out |    1|  ap_memory |  real_sample_0 |     array    |
|real_sample_0_q0         |  in |   32|  ap_memory |  real_sample_0 |     array    |
|real_sample_1_address0   | out |    4|  ap_memory |  real_sample_1 |     array    |
|real_sample_1_ce0        | out |    1|  ap_memory |  real_sample_1 |     array    |
|real_sample_1_q0         |  in |   32|  ap_memory |  real_sample_1 |     array    |
|real_sample_2_address0   | out |    4|  ap_memory |  real_sample_2 |     array    |
|real_sample_2_ce0        | out |    1|  ap_memory |  real_sample_2 |     array    |
|real_sample_2_q0         |  in |   32|  ap_memory |  real_sample_2 |     array    |
|real_sample_3_address0   | out |    4|  ap_memory |  real_sample_3 |     array    |
|real_sample_3_ce0        | out |    1|  ap_memory |  real_sample_3 |     array    |
|real_sample_3_q0         |  in |   32|  ap_memory |  real_sample_3 |     array    |
|real_sample_4_address0   | out |    4|  ap_memory |  real_sample_4 |     array    |
|real_sample_4_ce0        | out |    1|  ap_memory |  real_sample_4 |     array    |
|real_sample_4_q0         |  in |   32|  ap_memory |  real_sample_4 |     array    |
|real_sample_5_address0   | out |    4|  ap_memory |  real_sample_5 |     array    |
|real_sample_5_ce0        | out |    1|  ap_memory |  real_sample_5 |     array    |
|real_sample_5_q0         |  in |   32|  ap_memory |  real_sample_5 |     array    |
|real_sample_6_address0   | out |    4|  ap_memory |  real_sample_6 |     array    |
|real_sample_6_ce0        | out |    1|  ap_memory |  real_sample_6 |     array    |
|real_sample_6_q0         |  in |   32|  ap_memory |  real_sample_6 |     array    |
|real_sample_7_address0   | out |    4|  ap_memory |  real_sample_7 |     array    |
|real_sample_7_ce0        | out |    1|  ap_memory |  real_sample_7 |     array    |
|real_sample_7_q0         |  in |   32|  ap_memory |  real_sample_7 |     array    |
|real_sample_8_address0   | out |    4|  ap_memory |  real_sample_8 |     array    |
|real_sample_8_ce0        | out |    1|  ap_memory |  real_sample_8 |     array    |
|real_sample_8_q0         |  in |   32|  ap_memory |  real_sample_8 |     array    |
|real_sample_9_address0   | out |    4|  ap_memory |  real_sample_9 |     array    |
|real_sample_9_ce0        | out |    1|  ap_memory |  real_sample_9 |     array    |
|real_sample_9_q0         |  in |   32|  ap_memory |  real_sample_9 |     array    |
|real_sample_10_address0  | out |    4|  ap_memory | real_sample_10 |     array    |
|real_sample_10_ce0       | out |    1|  ap_memory | real_sample_10 |     array    |
|real_sample_10_q0        |  in |   32|  ap_memory | real_sample_10 |     array    |
|real_sample_11_address0  | out |    4|  ap_memory | real_sample_11 |     array    |
|real_sample_11_ce0       | out |    1|  ap_memory | real_sample_11 |     array    |
|real_sample_11_q0        |  in |   32|  ap_memory | real_sample_11 |     array    |
|real_sample_12_address0  | out |    4|  ap_memory | real_sample_12 |     array    |
|real_sample_12_ce0       | out |    1|  ap_memory | real_sample_12 |     array    |
|real_sample_12_q0        |  in |   32|  ap_memory | real_sample_12 |     array    |
|real_sample_13_address0  | out |    4|  ap_memory | real_sample_13 |     array    |
|real_sample_13_ce0       | out |    1|  ap_memory | real_sample_13 |     array    |
|real_sample_13_q0        |  in |   32|  ap_memory | real_sample_13 |     array    |
|real_sample_14_address0  | out |    4|  ap_memory | real_sample_14 |     array    |
|real_sample_14_ce0       | out |    1|  ap_memory | real_sample_14 |     array    |
|real_sample_14_q0        |  in |   32|  ap_memory | real_sample_14 |     array    |
|real_sample_15_address0  | out |    4|  ap_memory | real_sample_15 |     array    |
|real_sample_15_ce0       | out |    1|  ap_memory | real_sample_15 |     array    |
|real_sample_15_q0        |  in |   32|  ap_memory | real_sample_15 |     array    |
|imag_sample_0_address0   | out |    4|  ap_memory |  imag_sample_0 |     array    |
|imag_sample_0_ce0        | out |    1|  ap_memory |  imag_sample_0 |     array    |
|imag_sample_0_q0         |  in |   32|  ap_memory |  imag_sample_0 |     array    |
|imag_sample_1_address0   | out |    4|  ap_memory |  imag_sample_1 |     array    |
|imag_sample_1_ce0        | out |    1|  ap_memory |  imag_sample_1 |     array    |
|imag_sample_1_q0         |  in |   32|  ap_memory |  imag_sample_1 |     array    |
|imag_sample_2_address0   | out |    4|  ap_memory |  imag_sample_2 |     array    |
|imag_sample_2_ce0        | out |    1|  ap_memory |  imag_sample_2 |     array    |
|imag_sample_2_q0         |  in |   32|  ap_memory |  imag_sample_2 |     array    |
|imag_sample_3_address0   | out |    4|  ap_memory |  imag_sample_3 |     array    |
|imag_sample_3_ce0        | out |    1|  ap_memory |  imag_sample_3 |     array    |
|imag_sample_3_q0         |  in |   32|  ap_memory |  imag_sample_3 |     array    |
|imag_sample_4_address0   | out |    4|  ap_memory |  imag_sample_4 |     array    |
|imag_sample_4_ce0        | out |    1|  ap_memory |  imag_sample_4 |     array    |
|imag_sample_4_q0         |  in |   32|  ap_memory |  imag_sample_4 |     array    |
|imag_sample_5_address0   | out |    4|  ap_memory |  imag_sample_5 |     array    |
|imag_sample_5_ce0        | out |    1|  ap_memory |  imag_sample_5 |     array    |
|imag_sample_5_q0         |  in |   32|  ap_memory |  imag_sample_5 |     array    |
|imag_sample_6_address0   | out |    4|  ap_memory |  imag_sample_6 |     array    |
|imag_sample_6_ce0        | out |    1|  ap_memory |  imag_sample_6 |     array    |
|imag_sample_6_q0         |  in |   32|  ap_memory |  imag_sample_6 |     array    |
|imag_sample_7_address0   | out |    4|  ap_memory |  imag_sample_7 |     array    |
|imag_sample_7_ce0        | out |    1|  ap_memory |  imag_sample_7 |     array    |
|imag_sample_7_q0         |  in |   32|  ap_memory |  imag_sample_7 |     array    |
|imag_sample_8_address0   | out |    4|  ap_memory |  imag_sample_8 |     array    |
|imag_sample_8_ce0        | out |    1|  ap_memory |  imag_sample_8 |     array    |
|imag_sample_8_q0         |  in |   32|  ap_memory |  imag_sample_8 |     array    |
|imag_sample_9_address0   | out |    4|  ap_memory |  imag_sample_9 |     array    |
|imag_sample_9_ce0        | out |    1|  ap_memory |  imag_sample_9 |     array    |
|imag_sample_9_q0         |  in |   32|  ap_memory |  imag_sample_9 |     array    |
|imag_sample_10_address0  | out |    4|  ap_memory | imag_sample_10 |     array    |
|imag_sample_10_ce0       | out |    1|  ap_memory | imag_sample_10 |     array    |
|imag_sample_10_q0        |  in |   32|  ap_memory | imag_sample_10 |     array    |
|imag_sample_11_address0  | out |    4|  ap_memory | imag_sample_11 |     array    |
|imag_sample_11_ce0       | out |    1|  ap_memory | imag_sample_11 |     array    |
|imag_sample_11_q0        |  in |   32|  ap_memory | imag_sample_11 |     array    |
|imag_sample_12_address0  | out |    4|  ap_memory | imag_sample_12 |     array    |
|imag_sample_12_ce0       | out |    1|  ap_memory | imag_sample_12 |     array    |
|imag_sample_12_q0        |  in |   32|  ap_memory | imag_sample_12 |     array    |
|imag_sample_13_address0  | out |    4|  ap_memory | imag_sample_13 |     array    |
|imag_sample_13_ce0       | out |    1|  ap_memory | imag_sample_13 |     array    |
|imag_sample_13_q0        |  in |   32|  ap_memory | imag_sample_13 |     array    |
|imag_sample_14_address0  | out |    4|  ap_memory | imag_sample_14 |     array    |
|imag_sample_14_ce0       | out |    1|  ap_memory | imag_sample_14 |     array    |
|imag_sample_14_q0        |  in |   32|  ap_memory | imag_sample_14 |     array    |
|imag_sample_15_address0  | out |    4|  ap_memory | imag_sample_15 |     array    |
|imag_sample_15_ce0       | out |    1|  ap_memory | imag_sample_15 |     array    |
|imag_sample_15_q0        |  in |   32|  ap_memory | imag_sample_15 |     array    |
|outReal_0_address0       | out |    4|  ap_memory |    outReal_0   |     array    |
|outReal_0_ce0            | out |    1|  ap_memory |    outReal_0   |     array    |
|outReal_0_we0            | out |    1|  ap_memory |    outReal_0   |     array    |
|outReal_0_d0             | out |   32|  ap_memory |    outReal_0   |     array    |
|outReal_1_address0       | out |    4|  ap_memory |    outReal_1   |     array    |
|outReal_1_ce0            | out |    1|  ap_memory |    outReal_1   |     array    |
|outReal_1_we0            | out |    1|  ap_memory |    outReal_1   |     array    |
|outReal_1_d0             | out |   32|  ap_memory |    outReal_1   |     array    |
|outReal_2_address0       | out |    4|  ap_memory |    outReal_2   |     array    |
|outReal_2_ce0            | out |    1|  ap_memory |    outReal_2   |     array    |
|outReal_2_we0            | out |    1|  ap_memory |    outReal_2   |     array    |
|outReal_2_d0             | out |   32|  ap_memory |    outReal_2   |     array    |
|outReal_3_address0       | out |    4|  ap_memory |    outReal_3   |     array    |
|outReal_3_ce0            | out |    1|  ap_memory |    outReal_3   |     array    |
|outReal_3_we0            | out |    1|  ap_memory |    outReal_3   |     array    |
|outReal_3_d0             | out |   32|  ap_memory |    outReal_3   |     array    |
|outReal_4_address0       | out |    4|  ap_memory |    outReal_4   |     array    |
|outReal_4_ce0            | out |    1|  ap_memory |    outReal_4   |     array    |
|outReal_4_we0            | out |    1|  ap_memory |    outReal_4   |     array    |
|outReal_4_d0             | out |   32|  ap_memory |    outReal_4   |     array    |
|outReal_5_address0       | out |    4|  ap_memory |    outReal_5   |     array    |
|outReal_5_ce0            | out |    1|  ap_memory |    outReal_5   |     array    |
|outReal_5_we0            | out |    1|  ap_memory |    outReal_5   |     array    |
|outReal_5_d0             | out |   32|  ap_memory |    outReal_5   |     array    |
|outReal_6_address0       | out |    4|  ap_memory |    outReal_6   |     array    |
|outReal_6_ce0            | out |    1|  ap_memory |    outReal_6   |     array    |
|outReal_6_we0            | out |    1|  ap_memory |    outReal_6   |     array    |
|outReal_6_d0             | out |   32|  ap_memory |    outReal_6   |     array    |
|outReal_7_address0       | out |    4|  ap_memory |    outReal_7   |     array    |
|outReal_7_ce0            | out |    1|  ap_memory |    outReal_7   |     array    |
|outReal_7_we0            | out |    1|  ap_memory |    outReal_7   |     array    |
|outReal_7_d0             | out |   32|  ap_memory |    outReal_7   |     array    |
|outReal_8_address0       | out |    4|  ap_memory |    outReal_8   |     array    |
|outReal_8_ce0            | out |    1|  ap_memory |    outReal_8   |     array    |
|outReal_8_we0            | out |    1|  ap_memory |    outReal_8   |     array    |
|outReal_8_d0             | out |   32|  ap_memory |    outReal_8   |     array    |
|outReal_9_address0       | out |    4|  ap_memory |    outReal_9   |     array    |
|outReal_9_ce0            | out |    1|  ap_memory |    outReal_9   |     array    |
|outReal_9_we0            | out |    1|  ap_memory |    outReal_9   |     array    |
|outReal_9_d0             | out |   32|  ap_memory |    outReal_9   |     array    |
|outReal_10_address0      | out |    4|  ap_memory |   outReal_10   |     array    |
|outReal_10_ce0           | out |    1|  ap_memory |   outReal_10   |     array    |
|outReal_10_we0           | out |    1|  ap_memory |   outReal_10   |     array    |
|outReal_10_d0            | out |   32|  ap_memory |   outReal_10   |     array    |
|outReal_11_address0      | out |    4|  ap_memory |   outReal_11   |     array    |
|outReal_11_ce0           | out |    1|  ap_memory |   outReal_11   |     array    |
|outReal_11_we0           | out |    1|  ap_memory |   outReal_11   |     array    |
|outReal_11_d0            | out |   32|  ap_memory |   outReal_11   |     array    |
|outReal_12_address0      | out |    4|  ap_memory |   outReal_12   |     array    |
|outReal_12_ce0           | out |    1|  ap_memory |   outReal_12   |     array    |
|outReal_12_we0           | out |    1|  ap_memory |   outReal_12   |     array    |
|outReal_12_d0            | out |   32|  ap_memory |   outReal_12   |     array    |
|outReal_13_address0      | out |    4|  ap_memory |   outReal_13   |     array    |
|outReal_13_ce0           | out |    1|  ap_memory |   outReal_13   |     array    |
|outReal_13_we0           | out |    1|  ap_memory |   outReal_13   |     array    |
|outReal_13_d0            | out |   32|  ap_memory |   outReal_13   |     array    |
|outReal_14_address0      | out |    4|  ap_memory |   outReal_14   |     array    |
|outReal_14_ce0           | out |    1|  ap_memory |   outReal_14   |     array    |
|outReal_14_we0           | out |    1|  ap_memory |   outReal_14   |     array    |
|outReal_14_d0            | out |   32|  ap_memory |   outReal_14   |     array    |
|outReal_15_address0      | out |    4|  ap_memory |   outReal_15   |     array    |
|outReal_15_ce0           | out |    1|  ap_memory |   outReal_15   |     array    |
|outReal_15_we0           | out |    1|  ap_memory |   outReal_15   |     array    |
|outReal_15_d0            | out |   32|  ap_memory |   outReal_15   |     array    |
|outImag_0                | out |   32|   ap_vld   |    outImag_0   |    pointer   |
|outImag_0_ap_vld         | out |    1|   ap_vld   |    outImag_0   |    pointer   |
|outImag_1                | out |   32|   ap_vld   |    outImag_1   |    pointer   |
|outImag_1_ap_vld         | out |    1|   ap_vld   |    outImag_1   |    pointer   |
|outImag_2                | out |   32|   ap_vld   |    outImag_2   |    pointer   |
|outImag_2_ap_vld         | out |    1|   ap_vld   |    outImag_2   |    pointer   |
|outImag_3                | out |   32|   ap_vld   |    outImag_3   |    pointer   |
|outImag_3_ap_vld         | out |    1|   ap_vld   |    outImag_3   |    pointer   |
|outImag_4                | out |   32|   ap_vld   |    outImag_4   |    pointer   |
|outImag_4_ap_vld         | out |    1|   ap_vld   |    outImag_4   |    pointer   |
|outImag_5                | out |   32|   ap_vld   |    outImag_5   |    pointer   |
|outImag_5_ap_vld         | out |    1|   ap_vld   |    outImag_5   |    pointer   |
|outImag_6                | out |   32|   ap_vld   |    outImag_6   |    pointer   |
|outImag_6_ap_vld         | out |    1|   ap_vld   |    outImag_6   |    pointer   |
|outImag_7                | out |   32|   ap_vld   |    outImag_7   |    pointer   |
|outImag_7_ap_vld         | out |    1|   ap_vld   |    outImag_7   |    pointer   |
|outImag_8                | out |   32|   ap_vld   |    outImag_8   |    pointer   |
|outImag_8_ap_vld         | out |    1|   ap_vld   |    outImag_8   |    pointer   |
|outImag_9                | out |   32|   ap_vld   |    outImag_9   |    pointer   |
|outImag_9_ap_vld         | out |    1|   ap_vld   |    outImag_9   |    pointer   |
|outImag_10               | out |   32|   ap_vld   |   outImag_10   |    pointer   |
|outImag_10_ap_vld        | out |    1|   ap_vld   |   outImag_10   |    pointer   |
|outImag_11               | out |   32|   ap_vld   |   outImag_11   |    pointer   |
|outImag_11_ap_vld        | out |    1|   ap_vld   |   outImag_11   |    pointer   |
|outImag_12               | out |   32|   ap_vld   |   outImag_12   |    pointer   |
|outImag_12_ap_vld        | out |    1|   ap_vld   |   outImag_12   |    pointer   |
|outImag_13               | out |   32|   ap_vld   |   outImag_13   |    pointer   |
|outImag_13_ap_vld        | out |    1|   ap_vld   |   outImag_13   |    pointer   |
|outImag_14               | out |   32|   ap_vld   |   outImag_14   |    pointer   |
|outImag_14_ap_vld        | out |    1|   ap_vld   |   outImag_14   |    pointer   |
|outImag_15               | out |   32|   ap_vld   |   outImag_15   |    pointer   |
|outImag_15_ap_vld        | out |    1|   ap_vld   |   outImag_15   |    pointer   |
|outImag_16               | out |   32|   ap_vld   |   outImag_16   |    pointer   |
|outImag_16_ap_vld        | out |    1|   ap_vld   |   outImag_16   |    pointer   |
|outImag_17               | out |   32|   ap_vld   |   outImag_17   |    pointer   |
|outImag_17_ap_vld        | out |    1|   ap_vld   |   outImag_17   |    pointer   |
|outImag_18               | out |   32|   ap_vld   |   outImag_18   |    pointer   |
|outImag_18_ap_vld        | out |    1|   ap_vld   |   outImag_18   |    pointer   |
|outImag_19               | out |   32|   ap_vld   |   outImag_19   |    pointer   |
|outImag_19_ap_vld        | out |    1|   ap_vld   |   outImag_19   |    pointer   |
|outImag_20               | out |   32|   ap_vld   |   outImag_20   |    pointer   |
|outImag_20_ap_vld        | out |    1|   ap_vld   |   outImag_20   |    pointer   |
|outImag_21               | out |   32|   ap_vld   |   outImag_21   |    pointer   |
|outImag_21_ap_vld        | out |    1|   ap_vld   |   outImag_21   |    pointer   |
|outImag_22               | out |   32|   ap_vld   |   outImag_22   |    pointer   |
|outImag_22_ap_vld        | out |    1|   ap_vld   |   outImag_22   |    pointer   |
|outImag_23               | out |   32|   ap_vld   |   outImag_23   |    pointer   |
|outImag_23_ap_vld        | out |    1|   ap_vld   |   outImag_23   |    pointer   |
|outImag_24               | out |   32|   ap_vld   |   outImag_24   |    pointer   |
|outImag_24_ap_vld        | out |    1|   ap_vld   |   outImag_24   |    pointer   |
|outImag_25               | out |   32|   ap_vld   |   outImag_25   |    pointer   |
|outImag_25_ap_vld        | out |    1|   ap_vld   |   outImag_25   |    pointer   |
|outImag_26               | out |   32|   ap_vld   |   outImag_26   |    pointer   |
|outImag_26_ap_vld        | out |    1|   ap_vld   |   outImag_26   |    pointer   |
|outImag_27               | out |   32|   ap_vld   |   outImag_27   |    pointer   |
|outImag_27_ap_vld        | out |    1|   ap_vld   |   outImag_27   |    pointer   |
|outImag_28               | out |   32|   ap_vld   |   outImag_28   |    pointer   |
|outImag_28_ap_vld        | out |    1|   ap_vld   |   outImag_28   |    pointer   |
|outImag_29               | out |   32|   ap_vld   |   outImag_29   |    pointer   |
|outImag_29_ap_vld        | out |    1|   ap_vld   |   outImag_29   |    pointer   |
|outImag_30               | out |   32|   ap_vld   |   outImag_30   |    pointer   |
|outImag_30_ap_vld        | out |    1|   ap_vld   |   outImag_30   |    pointer   |
|outImag_31               | out |   32|   ap_vld   |   outImag_31   |    pointer   |
|outImag_31_ap_vld        | out |    1|   ap_vld   |   outImag_31   |    pointer   |
|outImag_32               | out |   32|   ap_vld   |   outImag_32   |    pointer   |
|outImag_32_ap_vld        | out |    1|   ap_vld   |   outImag_32   |    pointer   |
|outImag_33               | out |   32|   ap_vld   |   outImag_33   |    pointer   |
|outImag_33_ap_vld        | out |    1|   ap_vld   |   outImag_33   |    pointer   |
|outImag_34               | out |   32|   ap_vld   |   outImag_34   |    pointer   |
|outImag_34_ap_vld        | out |    1|   ap_vld   |   outImag_34   |    pointer   |
|outImag_35               | out |   32|   ap_vld   |   outImag_35   |    pointer   |
|outImag_35_ap_vld        | out |    1|   ap_vld   |   outImag_35   |    pointer   |
|outImag_36               | out |   32|   ap_vld   |   outImag_36   |    pointer   |
|outImag_36_ap_vld        | out |    1|   ap_vld   |   outImag_36   |    pointer   |
|outImag_37               | out |   32|   ap_vld   |   outImag_37   |    pointer   |
|outImag_37_ap_vld        | out |    1|   ap_vld   |   outImag_37   |    pointer   |
|outImag_38               | out |   32|   ap_vld   |   outImag_38   |    pointer   |
|outImag_38_ap_vld        | out |    1|   ap_vld   |   outImag_38   |    pointer   |
|outImag_39               | out |   32|   ap_vld   |   outImag_39   |    pointer   |
|outImag_39_ap_vld        | out |    1|   ap_vld   |   outImag_39   |    pointer   |
|outImag_40               | out |   32|   ap_vld   |   outImag_40   |    pointer   |
|outImag_40_ap_vld        | out |    1|   ap_vld   |   outImag_40   |    pointer   |
|outImag_41               | out |   32|   ap_vld   |   outImag_41   |    pointer   |
|outImag_41_ap_vld        | out |    1|   ap_vld   |   outImag_41   |    pointer   |
|outImag_42               | out |   32|   ap_vld   |   outImag_42   |    pointer   |
|outImag_42_ap_vld        | out |    1|   ap_vld   |   outImag_42   |    pointer   |
|outImag_43               | out |   32|   ap_vld   |   outImag_43   |    pointer   |
|outImag_43_ap_vld        | out |    1|   ap_vld   |   outImag_43   |    pointer   |
|outImag_44               | out |   32|   ap_vld   |   outImag_44   |    pointer   |
|outImag_44_ap_vld        | out |    1|   ap_vld   |   outImag_44   |    pointer   |
|outImag_45               | out |   32|   ap_vld   |   outImag_45   |    pointer   |
|outImag_45_ap_vld        | out |    1|   ap_vld   |   outImag_45   |    pointer   |
|outImag_46               | out |   32|   ap_vld   |   outImag_46   |    pointer   |
|outImag_46_ap_vld        | out |    1|   ap_vld   |   outImag_46   |    pointer   |
|outImag_47               | out |   32|   ap_vld   |   outImag_47   |    pointer   |
|outImag_47_ap_vld        | out |    1|   ap_vld   |   outImag_47   |    pointer   |
|outImag_48               | out |   32|   ap_vld   |   outImag_48   |    pointer   |
|outImag_48_ap_vld        | out |    1|   ap_vld   |   outImag_48   |    pointer   |
|outImag_49               | out |   32|   ap_vld   |   outImag_49   |    pointer   |
|outImag_49_ap_vld        | out |    1|   ap_vld   |   outImag_49   |    pointer   |
|outImag_50               | out |   32|   ap_vld   |   outImag_50   |    pointer   |
|outImag_50_ap_vld        | out |    1|   ap_vld   |   outImag_50   |    pointer   |
|outImag_51               | out |   32|   ap_vld   |   outImag_51   |    pointer   |
|outImag_51_ap_vld        | out |    1|   ap_vld   |   outImag_51   |    pointer   |
|outImag_52               | out |   32|   ap_vld   |   outImag_52   |    pointer   |
|outImag_52_ap_vld        | out |    1|   ap_vld   |   outImag_52   |    pointer   |
|outImag_53               | out |   32|   ap_vld   |   outImag_53   |    pointer   |
|outImag_53_ap_vld        | out |    1|   ap_vld   |   outImag_53   |    pointer   |
|outImag_54               | out |   32|   ap_vld   |   outImag_54   |    pointer   |
|outImag_54_ap_vld        | out |    1|   ap_vld   |   outImag_54   |    pointer   |
|outImag_55               | out |   32|   ap_vld   |   outImag_55   |    pointer   |
|outImag_55_ap_vld        | out |    1|   ap_vld   |   outImag_55   |    pointer   |
|outImag_56               | out |   32|   ap_vld   |   outImag_56   |    pointer   |
|outImag_56_ap_vld        | out |    1|   ap_vld   |   outImag_56   |    pointer   |
|outImag_57               | out |   32|   ap_vld   |   outImag_57   |    pointer   |
|outImag_57_ap_vld        | out |    1|   ap_vld   |   outImag_57   |    pointer   |
|outImag_58               | out |   32|   ap_vld   |   outImag_58   |    pointer   |
|outImag_58_ap_vld        | out |    1|   ap_vld   |   outImag_58   |    pointer   |
|outImag_59               | out |   32|   ap_vld   |   outImag_59   |    pointer   |
|outImag_59_ap_vld        | out |    1|   ap_vld   |   outImag_59   |    pointer   |
|outImag_60               | out |   32|   ap_vld   |   outImag_60   |    pointer   |
|outImag_60_ap_vld        | out |    1|   ap_vld   |   outImag_60   |    pointer   |
|outImag_61               | out |   32|   ap_vld   |   outImag_61   |    pointer   |
|outImag_61_ap_vld        | out |    1|   ap_vld   |   outImag_61   |    pointer   |
|outImag_62               | out |   32|   ap_vld   |   outImag_62   |    pointer   |
|outImag_62_ap_vld        | out |    1|   ap_vld   |   outImag_62   |    pointer   |
|outImag_63               | out |   32|   ap_vld   |   outImag_63   |    pointer   |
|outImag_63_ap_vld        | out |    1|   ap_vld   |   outImag_63   |    pointer   |
|outImag_64               | out |   32|   ap_vld   |   outImag_64   |    pointer   |
|outImag_64_ap_vld        | out |    1|   ap_vld   |   outImag_64   |    pointer   |
|outImag_65               | out |   32|   ap_vld   |   outImag_65   |    pointer   |
|outImag_65_ap_vld        | out |    1|   ap_vld   |   outImag_65   |    pointer   |
|outImag_66               | out |   32|   ap_vld   |   outImag_66   |    pointer   |
|outImag_66_ap_vld        | out |    1|   ap_vld   |   outImag_66   |    pointer   |
|outImag_67               | out |   32|   ap_vld   |   outImag_67   |    pointer   |
|outImag_67_ap_vld        | out |    1|   ap_vld   |   outImag_67   |    pointer   |
|outImag_68               | out |   32|   ap_vld   |   outImag_68   |    pointer   |
|outImag_68_ap_vld        | out |    1|   ap_vld   |   outImag_68   |    pointer   |
|outImag_69               | out |   32|   ap_vld   |   outImag_69   |    pointer   |
|outImag_69_ap_vld        | out |    1|   ap_vld   |   outImag_69   |    pointer   |
|outImag_70               | out |   32|   ap_vld   |   outImag_70   |    pointer   |
|outImag_70_ap_vld        | out |    1|   ap_vld   |   outImag_70   |    pointer   |
|outImag_71               | out |   32|   ap_vld   |   outImag_71   |    pointer   |
|outImag_71_ap_vld        | out |    1|   ap_vld   |   outImag_71   |    pointer   |
|outImag_72               | out |   32|   ap_vld   |   outImag_72   |    pointer   |
|outImag_72_ap_vld        | out |    1|   ap_vld   |   outImag_72   |    pointer   |
|outImag_73               | out |   32|   ap_vld   |   outImag_73   |    pointer   |
|outImag_73_ap_vld        | out |    1|   ap_vld   |   outImag_73   |    pointer   |
|outImag_74               | out |   32|   ap_vld   |   outImag_74   |    pointer   |
|outImag_74_ap_vld        | out |    1|   ap_vld   |   outImag_74   |    pointer   |
|outImag_75               | out |   32|   ap_vld   |   outImag_75   |    pointer   |
|outImag_75_ap_vld        | out |    1|   ap_vld   |   outImag_75   |    pointer   |
|outImag_76               | out |   32|   ap_vld   |   outImag_76   |    pointer   |
|outImag_76_ap_vld        | out |    1|   ap_vld   |   outImag_76   |    pointer   |
|outImag_77               | out |   32|   ap_vld   |   outImag_77   |    pointer   |
|outImag_77_ap_vld        | out |    1|   ap_vld   |   outImag_77   |    pointer   |
|outImag_78               | out |   32|   ap_vld   |   outImag_78   |    pointer   |
|outImag_78_ap_vld        | out |    1|   ap_vld   |   outImag_78   |    pointer   |
|outImag_79               | out |   32|   ap_vld   |   outImag_79   |    pointer   |
|outImag_79_ap_vld        | out |    1|   ap_vld   |   outImag_79   |    pointer   |
|outImag_80               | out |   32|   ap_vld   |   outImag_80   |    pointer   |
|outImag_80_ap_vld        | out |    1|   ap_vld   |   outImag_80   |    pointer   |
|outImag_81               | out |   32|   ap_vld   |   outImag_81   |    pointer   |
|outImag_81_ap_vld        | out |    1|   ap_vld   |   outImag_81   |    pointer   |
|outImag_82               | out |   32|   ap_vld   |   outImag_82   |    pointer   |
|outImag_82_ap_vld        | out |    1|   ap_vld   |   outImag_82   |    pointer   |
|outImag_83               | out |   32|   ap_vld   |   outImag_83   |    pointer   |
|outImag_83_ap_vld        | out |    1|   ap_vld   |   outImag_83   |    pointer   |
|outImag_84               | out |   32|   ap_vld   |   outImag_84   |    pointer   |
|outImag_84_ap_vld        | out |    1|   ap_vld   |   outImag_84   |    pointer   |
|outImag_85               | out |   32|   ap_vld   |   outImag_85   |    pointer   |
|outImag_85_ap_vld        | out |    1|   ap_vld   |   outImag_85   |    pointer   |
|outImag_86               | out |   32|   ap_vld   |   outImag_86   |    pointer   |
|outImag_86_ap_vld        | out |    1|   ap_vld   |   outImag_86   |    pointer   |
|outImag_87               | out |   32|   ap_vld   |   outImag_87   |    pointer   |
|outImag_87_ap_vld        | out |    1|   ap_vld   |   outImag_87   |    pointer   |
|outImag_88               | out |   32|   ap_vld   |   outImag_88   |    pointer   |
|outImag_88_ap_vld        | out |    1|   ap_vld   |   outImag_88   |    pointer   |
|outImag_89               | out |   32|   ap_vld   |   outImag_89   |    pointer   |
|outImag_89_ap_vld        | out |    1|   ap_vld   |   outImag_89   |    pointer   |
|outImag_90               | out |   32|   ap_vld   |   outImag_90   |    pointer   |
|outImag_90_ap_vld        | out |    1|   ap_vld   |   outImag_90   |    pointer   |
|outImag_91               | out |   32|   ap_vld   |   outImag_91   |    pointer   |
|outImag_91_ap_vld        | out |    1|   ap_vld   |   outImag_91   |    pointer   |
|outImag_92               | out |   32|   ap_vld   |   outImag_92   |    pointer   |
|outImag_92_ap_vld        | out |    1|   ap_vld   |   outImag_92   |    pointer   |
|outImag_93               | out |   32|   ap_vld   |   outImag_93   |    pointer   |
|outImag_93_ap_vld        | out |    1|   ap_vld   |   outImag_93   |    pointer   |
|outImag_94               | out |   32|   ap_vld   |   outImag_94   |    pointer   |
|outImag_94_ap_vld        | out |    1|   ap_vld   |   outImag_94   |    pointer   |
|outImag_95               | out |   32|   ap_vld   |   outImag_95   |    pointer   |
|outImag_95_ap_vld        | out |    1|   ap_vld   |   outImag_95   |    pointer   |
|outImag_96               | out |   32|   ap_vld   |   outImag_96   |    pointer   |
|outImag_96_ap_vld        | out |    1|   ap_vld   |   outImag_96   |    pointer   |
|outImag_97               | out |   32|   ap_vld   |   outImag_97   |    pointer   |
|outImag_97_ap_vld        | out |    1|   ap_vld   |   outImag_97   |    pointer   |
|outImag_98               | out |   32|   ap_vld   |   outImag_98   |    pointer   |
|outImag_98_ap_vld        | out |    1|   ap_vld   |   outImag_98   |    pointer   |
|outImag_99               | out |   32|   ap_vld   |   outImag_99   |    pointer   |
|outImag_99_ap_vld        | out |    1|   ap_vld   |   outImag_99   |    pointer   |
|outImag_100              | out |   32|   ap_vld   |   outImag_100  |    pointer   |
|outImag_100_ap_vld       | out |    1|   ap_vld   |   outImag_100  |    pointer   |
|outImag_101              | out |   32|   ap_vld   |   outImag_101  |    pointer   |
|outImag_101_ap_vld       | out |    1|   ap_vld   |   outImag_101  |    pointer   |
|outImag_102              | out |   32|   ap_vld   |   outImag_102  |    pointer   |
|outImag_102_ap_vld       | out |    1|   ap_vld   |   outImag_102  |    pointer   |
|outImag_103              | out |   32|   ap_vld   |   outImag_103  |    pointer   |
|outImag_103_ap_vld       | out |    1|   ap_vld   |   outImag_103  |    pointer   |
|outImag_104              | out |   32|   ap_vld   |   outImag_104  |    pointer   |
|outImag_104_ap_vld       | out |    1|   ap_vld   |   outImag_104  |    pointer   |
|outImag_105              | out |   32|   ap_vld   |   outImag_105  |    pointer   |
|outImag_105_ap_vld       | out |    1|   ap_vld   |   outImag_105  |    pointer   |
|outImag_106              | out |   32|   ap_vld   |   outImag_106  |    pointer   |
|outImag_106_ap_vld       | out |    1|   ap_vld   |   outImag_106  |    pointer   |
|outImag_107              | out |   32|   ap_vld   |   outImag_107  |    pointer   |
|outImag_107_ap_vld       | out |    1|   ap_vld   |   outImag_107  |    pointer   |
|outImag_108              | out |   32|   ap_vld   |   outImag_108  |    pointer   |
|outImag_108_ap_vld       | out |    1|   ap_vld   |   outImag_108  |    pointer   |
|outImag_109              | out |   32|   ap_vld   |   outImag_109  |    pointer   |
|outImag_109_ap_vld       | out |    1|   ap_vld   |   outImag_109  |    pointer   |
|outImag_110              | out |   32|   ap_vld   |   outImag_110  |    pointer   |
|outImag_110_ap_vld       | out |    1|   ap_vld   |   outImag_110  |    pointer   |
|outImag_111              | out |   32|   ap_vld   |   outImag_111  |    pointer   |
|outImag_111_ap_vld       | out |    1|   ap_vld   |   outImag_111  |    pointer   |
|outImag_112              | out |   32|   ap_vld   |   outImag_112  |    pointer   |
|outImag_112_ap_vld       | out |    1|   ap_vld   |   outImag_112  |    pointer   |
|outImag_113              | out |   32|   ap_vld   |   outImag_113  |    pointer   |
|outImag_113_ap_vld       | out |    1|   ap_vld   |   outImag_113  |    pointer   |
|outImag_114              | out |   32|   ap_vld   |   outImag_114  |    pointer   |
|outImag_114_ap_vld       | out |    1|   ap_vld   |   outImag_114  |    pointer   |
|outImag_115              | out |   32|   ap_vld   |   outImag_115  |    pointer   |
|outImag_115_ap_vld       | out |    1|   ap_vld   |   outImag_115  |    pointer   |
|outImag_116              | out |   32|   ap_vld   |   outImag_116  |    pointer   |
|outImag_116_ap_vld       | out |    1|   ap_vld   |   outImag_116  |    pointer   |
|outImag_117              | out |   32|   ap_vld   |   outImag_117  |    pointer   |
|outImag_117_ap_vld       | out |    1|   ap_vld   |   outImag_117  |    pointer   |
|outImag_118              | out |   32|   ap_vld   |   outImag_118  |    pointer   |
|outImag_118_ap_vld       | out |    1|   ap_vld   |   outImag_118  |    pointer   |
|outImag_119              | out |   32|   ap_vld   |   outImag_119  |    pointer   |
|outImag_119_ap_vld       | out |    1|   ap_vld   |   outImag_119  |    pointer   |
|outImag_120              | out |   32|   ap_vld   |   outImag_120  |    pointer   |
|outImag_120_ap_vld       | out |    1|   ap_vld   |   outImag_120  |    pointer   |
|outImag_121              | out |   32|   ap_vld   |   outImag_121  |    pointer   |
|outImag_121_ap_vld       | out |    1|   ap_vld   |   outImag_121  |    pointer   |
|outImag_122              | out |   32|   ap_vld   |   outImag_122  |    pointer   |
|outImag_122_ap_vld       | out |    1|   ap_vld   |   outImag_122  |    pointer   |
|outImag_123              | out |   32|   ap_vld   |   outImag_123  |    pointer   |
|outImag_123_ap_vld       | out |    1|   ap_vld   |   outImag_123  |    pointer   |
|outImag_124              | out |   32|   ap_vld   |   outImag_124  |    pointer   |
|outImag_124_ap_vld       | out |    1|   ap_vld   |   outImag_124  |    pointer   |
|outImag_125              | out |   32|   ap_vld   |   outImag_125  |    pointer   |
|outImag_125_ap_vld       | out |    1|   ap_vld   |   outImag_125  |    pointer   |
|outImag_126              | out |   32|   ap_vld   |   outImag_126  |    pointer   |
|outImag_126_ap_vld       | out |    1|   ap_vld   |   outImag_126  |    pointer   |
|outImag_127              | out |   32|   ap_vld   |   outImag_127  |    pointer   |
|outImag_127_ap_vld       | out |    1|   ap_vld   |   outImag_127  |    pointer   |
|outImag_128              | out |   32|   ap_vld   |   outImag_128  |    pointer   |
|outImag_128_ap_vld       | out |    1|   ap_vld   |   outImag_128  |    pointer   |
|outImag_129              | out |   32|   ap_vld   |   outImag_129  |    pointer   |
|outImag_129_ap_vld       | out |    1|   ap_vld   |   outImag_129  |    pointer   |
|outImag_130              | out |   32|   ap_vld   |   outImag_130  |    pointer   |
|outImag_130_ap_vld       | out |    1|   ap_vld   |   outImag_130  |    pointer   |
|outImag_131              | out |   32|   ap_vld   |   outImag_131  |    pointer   |
|outImag_131_ap_vld       | out |    1|   ap_vld   |   outImag_131  |    pointer   |
|outImag_132              | out |   32|   ap_vld   |   outImag_132  |    pointer   |
|outImag_132_ap_vld       | out |    1|   ap_vld   |   outImag_132  |    pointer   |
|outImag_133              | out |   32|   ap_vld   |   outImag_133  |    pointer   |
|outImag_133_ap_vld       | out |    1|   ap_vld   |   outImag_133  |    pointer   |
|outImag_134              | out |   32|   ap_vld   |   outImag_134  |    pointer   |
|outImag_134_ap_vld       | out |    1|   ap_vld   |   outImag_134  |    pointer   |
|outImag_135              | out |   32|   ap_vld   |   outImag_135  |    pointer   |
|outImag_135_ap_vld       | out |    1|   ap_vld   |   outImag_135  |    pointer   |
|outImag_136              | out |   32|   ap_vld   |   outImag_136  |    pointer   |
|outImag_136_ap_vld       | out |    1|   ap_vld   |   outImag_136  |    pointer   |
|outImag_137              | out |   32|   ap_vld   |   outImag_137  |    pointer   |
|outImag_137_ap_vld       | out |    1|   ap_vld   |   outImag_137  |    pointer   |
|outImag_138              | out |   32|   ap_vld   |   outImag_138  |    pointer   |
|outImag_138_ap_vld       | out |    1|   ap_vld   |   outImag_138  |    pointer   |
|outImag_139              | out |   32|   ap_vld   |   outImag_139  |    pointer   |
|outImag_139_ap_vld       | out |    1|   ap_vld   |   outImag_139  |    pointer   |
|outImag_140              | out |   32|   ap_vld   |   outImag_140  |    pointer   |
|outImag_140_ap_vld       | out |    1|   ap_vld   |   outImag_140  |    pointer   |
|outImag_141              | out |   32|   ap_vld   |   outImag_141  |    pointer   |
|outImag_141_ap_vld       | out |    1|   ap_vld   |   outImag_141  |    pointer   |
|outImag_142              | out |   32|   ap_vld   |   outImag_142  |    pointer   |
|outImag_142_ap_vld       | out |    1|   ap_vld   |   outImag_142  |    pointer   |
|outImag_143              | out |   32|   ap_vld   |   outImag_143  |    pointer   |
|outImag_143_ap_vld       | out |    1|   ap_vld   |   outImag_143  |    pointer   |
|outImag_144              | out |   32|   ap_vld   |   outImag_144  |    pointer   |
|outImag_144_ap_vld       | out |    1|   ap_vld   |   outImag_144  |    pointer   |
|outImag_145              | out |   32|   ap_vld   |   outImag_145  |    pointer   |
|outImag_145_ap_vld       | out |    1|   ap_vld   |   outImag_145  |    pointer   |
|outImag_146              | out |   32|   ap_vld   |   outImag_146  |    pointer   |
|outImag_146_ap_vld       | out |    1|   ap_vld   |   outImag_146  |    pointer   |
|outImag_147              | out |   32|   ap_vld   |   outImag_147  |    pointer   |
|outImag_147_ap_vld       | out |    1|   ap_vld   |   outImag_147  |    pointer   |
|outImag_148              | out |   32|   ap_vld   |   outImag_148  |    pointer   |
|outImag_148_ap_vld       | out |    1|   ap_vld   |   outImag_148  |    pointer   |
|outImag_149              | out |   32|   ap_vld   |   outImag_149  |    pointer   |
|outImag_149_ap_vld       | out |    1|   ap_vld   |   outImag_149  |    pointer   |
|outImag_150              | out |   32|   ap_vld   |   outImag_150  |    pointer   |
|outImag_150_ap_vld       | out |    1|   ap_vld   |   outImag_150  |    pointer   |
|outImag_151              | out |   32|   ap_vld   |   outImag_151  |    pointer   |
|outImag_151_ap_vld       | out |    1|   ap_vld   |   outImag_151  |    pointer   |
|outImag_152              | out |   32|   ap_vld   |   outImag_152  |    pointer   |
|outImag_152_ap_vld       | out |    1|   ap_vld   |   outImag_152  |    pointer   |
|outImag_153              | out |   32|   ap_vld   |   outImag_153  |    pointer   |
|outImag_153_ap_vld       | out |    1|   ap_vld   |   outImag_153  |    pointer   |
|outImag_154              | out |   32|   ap_vld   |   outImag_154  |    pointer   |
|outImag_154_ap_vld       | out |    1|   ap_vld   |   outImag_154  |    pointer   |
|outImag_155              | out |   32|   ap_vld   |   outImag_155  |    pointer   |
|outImag_155_ap_vld       | out |    1|   ap_vld   |   outImag_155  |    pointer   |
|outImag_156              | out |   32|   ap_vld   |   outImag_156  |    pointer   |
|outImag_156_ap_vld       | out |    1|   ap_vld   |   outImag_156  |    pointer   |
|outImag_157              | out |   32|   ap_vld   |   outImag_157  |    pointer   |
|outImag_157_ap_vld       | out |    1|   ap_vld   |   outImag_157  |    pointer   |
|outImag_158              | out |   32|   ap_vld   |   outImag_158  |    pointer   |
|outImag_158_ap_vld       | out |    1|   ap_vld   |   outImag_158  |    pointer   |
|outImag_159              | out |   32|   ap_vld   |   outImag_159  |    pointer   |
|outImag_159_ap_vld       | out |    1|   ap_vld   |   outImag_159  |    pointer   |
|outImag_160              | out |   32|   ap_vld   |   outImag_160  |    pointer   |
|outImag_160_ap_vld       | out |    1|   ap_vld   |   outImag_160  |    pointer   |
|outImag_161              | out |   32|   ap_vld   |   outImag_161  |    pointer   |
|outImag_161_ap_vld       | out |    1|   ap_vld   |   outImag_161  |    pointer   |
|outImag_162              | out |   32|   ap_vld   |   outImag_162  |    pointer   |
|outImag_162_ap_vld       | out |    1|   ap_vld   |   outImag_162  |    pointer   |
|outImag_163              | out |   32|   ap_vld   |   outImag_163  |    pointer   |
|outImag_163_ap_vld       | out |    1|   ap_vld   |   outImag_163  |    pointer   |
|outImag_164              | out |   32|   ap_vld   |   outImag_164  |    pointer   |
|outImag_164_ap_vld       | out |    1|   ap_vld   |   outImag_164  |    pointer   |
|outImag_165              | out |   32|   ap_vld   |   outImag_165  |    pointer   |
|outImag_165_ap_vld       | out |    1|   ap_vld   |   outImag_165  |    pointer   |
|outImag_166              | out |   32|   ap_vld   |   outImag_166  |    pointer   |
|outImag_166_ap_vld       | out |    1|   ap_vld   |   outImag_166  |    pointer   |
|outImag_167              | out |   32|   ap_vld   |   outImag_167  |    pointer   |
|outImag_167_ap_vld       | out |    1|   ap_vld   |   outImag_167  |    pointer   |
|outImag_168              | out |   32|   ap_vld   |   outImag_168  |    pointer   |
|outImag_168_ap_vld       | out |    1|   ap_vld   |   outImag_168  |    pointer   |
|outImag_169              | out |   32|   ap_vld   |   outImag_169  |    pointer   |
|outImag_169_ap_vld       | out |    1|   ap_vld   |   outImag_169  |    pointer   |
|outImag_170              | out |   32|   ap_vld   |   outImag_170  |    pointer   |
|outImag_170_ap_vld       | out |    1|   ap_vld   |   outImag_170  |    pointer   |
|outImag_171              | out |   32|   ap_vld   |   outImag_171  |    pointer   |
|outImag_171_ap_vld       | out |    1|   ap_vld   |   outImag_171  |    pointer   |
|outImag_172              | out |   32|   ap_vld   |   outImag_172  |    pointer   |
|outImag_172_ap_vld       | out |    1|   ap_vld   |   outImag_172  |    pointer   |
|outImag_173              | out |   32|   ap_vld   |   outImag_173  |    pointer   |
|outImag_173_ap_vld       | out |    1|   ap_vld   |   outImag_173  |    pointer   |
|outImag_174              | out |   32|   ap_vld   |   outImag_174  |    pointer   |
|outImag_174_ap_vld       | out |    1|   ap_vld   |   outImag_174  |    pointer   |
|outImag_175              | out |   32|   ap_vld   |   outImag_175  |    pointer   |
|outImag_175_ap_vld       | out |    1|   ap_vld   |   outImag_175  |    pointer   |
|outImag_176              | out |   32|   ap_vld   |   outImag_176  |    pointer   |
|outImag_176_ap_vld       | out |    1|   ap_vld   |   outImag_176  |    pointer   |
|outImag_177              | out |   32|   ap_vld   |   outImag_177  |    pointer   |
|outImag_177_ap_vld       | out |    1|   ap_vld   |   outImag_177  |    pointer   |
|outImag_178              | out |   32|   ap_vld   |   outImag_178  |    pointer   |
|outImag_178_ap_vld       | out |    1|   ap_vld   |   outImag_178  |    pointer   |
|outImag_179              | out |   32|   ap_vld   |   outImag_179  |    pointer   |
|outImag_179_ap_vld       | out |    1|   ap_vld   |   outImag_179  |    pointer   |
|outImag_180              | out |   32|   ap_vld   |   outImag_180  |    pointer   |
|outImag_180_ap_vld       | out |    1|   ap_vld   |   outImag_180  |    pointer   |
|outImag_181              | out |   32|   ap_vld   |   outImag_181  |    pointer   |
|outImag_181_ap_vld       | out |    1|   ap_vld   |   outImag_181  |    pointer   |
|outImag_182              | out |   32|   ap_vld   |   outImag_182  |    pointer   |
|outImag_182_ap_vld       | out |    1|   ap_vld   |   outImag_182  |    pointer   |
|outImag_183              | out |   32|   ap_vld   |   outImag_183  |    pointer   |
|outImag_183_ap_vld       | out |    1|   ap_vld   |   outImag_183  |    pointer   |
|outImag_184              | out |   32|   ap_vld   |   outImag_184  |    pointer   |
|outImag_184_ap_vld       | out |    1|   ap_vld   |   outImag_184  |    pointer   |
|outImag_185              | out |   32|   ap_vld   |   outImag_185  |    pointer   |
|outImag_185_ap_vld       | out |    1|   ap_vld   |   outImag_185  |    pointer   |
|outImag_186              | out |   32|   ap_vld   |   outImag_186  |    pointer   |
|outImag_186_ap_vld       | out |    1|   ap_vld   |   outImag_186  |    pointer   |
|outImag_187              | out |   32|   ap_vld   |   outImag_187  |    pointer   |
|outImag_187_ap_vld       | out |    1|   ap_vld   |   outImag_187  |    pointer   |
|outImag_188              | out |   32|   ap_vld   |   outImag_188  |    pointer   |
|outImag_188_ap_vld       | out |    1|   ap_vld   |   outImag_188  |    pointer   |
|outImag_189              | out |   32|   ap_vld   |   outImag_189  |    pointer   |
|outImag_189_ap_vld       | out |    1|   ap_vld   |   outImag_189  |    pointer   |
|outImag_190              | out |   32|   ap_vld   |   outImag_190  |    pointer   |
|outImag_190_ap_vld       | out |    1|   ap_vld   |   outImag_190  |    pointer   |
|outImag_191              | out |   32|   ap_vld   |   outImag_191  |    pointer   |
|outImag_191_ap_vld       | out |    1|   ap_vld   |   outImag_191  |    pointer   |
|outImag_192              | out |   32|   ap_vld   |   outImag_192  |    pointer   |
|outImag_192_ap_vld       | out |    1|   ap_vld   |   outImag_192  |    pointer   |
|outImag_193              | out |   32|   ap_vld   |   outImag_193  |    pointer   |
|outImag_193_ap_vld       | out |    1|   ap_vld   |   outImag_193  |    pointer   |
|outImag_194              | out |   32|   ap_vld   |   outImag_194  |    pointer   |
|outImag_194_ap_vld       | out |    1|   ap_vld   |   outImag_194  |    pointer   |
|outImag_195              | out |   32|   ap_vld   |   outImag_195  |    pointer   |
|outImag_195_ap_vld       | out |    1|   ap_vld   |   outImag_195  |    pointer   |
|outImag_196              | out |   32|   ap_vld   |   outImag_196  |    pointer   |
|outImag_196_ap_vld       | out |    1|   ap_vld   |   outImag_196  |    pointer   |
|outImag_197              | out |   32|   ap_vld   |   outImag_197  |    pointer   |
|outImag_197_ap_vld       | out |    1|   ap_vld   |   outImag_197  |    pointer   |
|outImag_198              | out |   32|   ap_vld   |   outImag_198  |    pointer   |
|outImag_198_ap_vld       | out |    1|   ap_vld   |   outImag_198  |    pointer   |
|outImag_199              | out |   32|   ap_vld   |   outImag_199  |    pointer   |
|outImag_199_ap_vld       | out |    1|   ap_vld   |   outImag_199  |    pointer   |
|outImag_200              | out |   32|   ap_vld   |   outImag_200  |    pointer   |
|outImag_200_ap_vld       | out |    1|   ap_vld   |   outImag_200  |    pointer   |
|outImag_201              | out |   32|   ap_vld   |   outImag_201  |    pointer   |
|outImag_201_ap_vld       | out |    1|   ap_vld   |   outImag_201  |    pointer   |
|outImag_202              | out |   32|   ap_vld   |   outImag_202  |    pointer   |
|outImag_202_ap_vld       | out |    1|   ap_vld   |   outImag_202  |    pointer   |
|outImag_203              | out |   32|   ap_vld   |   outImag_203  |    pointer   |
|outImag_203_ap_vld       | out |    1|   ap_vld   |   outImag_203  |    pointer   |
|outImag_204              | out |   32|   ap_vld   |   outImag_204  |    pointer   |
|outImag_204_ap_vld       | out |    1|   ap_vld   |   outImag_204  |    pointer   |
|outImag_205              | out |   32|   ap_vld   |   outImag_205  |    pointer   |
|outImag_205_ap_vld       | out |    1|   ap_vld   |   outImag_205  |    pointer   |
|outImag_206              | out |   32|   ap_vld   |   outImag_206  |    pointer   |
|outImag_206_ap_vld       | out |    1|   ap_vld   |   outImag_206  |    pointer   |
|outImag_207              | out |   32|   ap_vld   |   outImag_207  |    pointer   |
|outImag_207_ap_vld       | out |    1|   ap_vld   |   outImag_207  |    pointer   |
|outImag_208              | out |   32|   ap_vld   |   outImag_208  |    pointer   |
|outImag_208_ap_vld       | out |    1|   ap_vld   |   outImag_208  |    pointer   |
|outImag_209              | out |   32|   ap_vld   |   outImag_209  |    pointer   |
|outImag_209_ap_vld       | out |    1|   ap_vld   |   outImag_209  |    pointer   |
|outImag_210              | out |   32|   ap_vld   |   outImag_210  |    pointer   |
|outImag_210_ap_vld       | out |    1|   ap_vld   |   outImag_210  |    pointer   |
|outImag_211              | out |   32|   ap_vld   |   outImag_211  |    pointer   |
|outImag_211_ap_vld       | out |    1|   ap_vld   |   outImag_211  |    pointer   |
|outImag_212              | out |   32|   ap_vld   |   outImag_212  |    pointer   |
|outImag_212_ap_vld       | out |    1|   ap_vld   |   outImag_212  |    pointer   |
|outImag_213              | out |   32|   ap_vld   |   outImag_213  |    pointer   |
|outImag_213_ap_vld       | out |    1|   ap_vld   |   outImag_213  |    pointer   |
|outImag_214              | out |   32|   ap_vld   |   outImag_214  |    pointer   |
|outImag_214_ap_vld       | out |    1|   ap_vld   |   outImag_214  |    pointer   |
|outImag_215              | out |   32|   ap_vld   |   outImag_215  |    pointer   |
|outImag_215_ap_vld       | out |    1|   ap_vld   |   outImag_215  |    pointer   |
|outImag_216              | out |   32|   ap_vld   |   outImag_216  |    pointer   |
|outImag_216_ap_vld       | out |    1|   ap_vld   |   outImag_216  |    pointer   |
|outImag_217              | out |   32|   ap_vld   |   outImag_217  |    pointer   |
|outImag_217_ap_vld       | out |    1|   ap_vld   |   outImag_217  |    pointer   |
|outImag_218              | out |   32|   ap_vld   |   outImag_218  |    pointer   |
|outImag_218_ap_vld       | out |    1|   ap_vld   |   outImag_218  |    pointer   |
|outImag_219              | out |   32|   ap_vld   |   outImag_219  |    pointer   |
|outImag_219_ap_vld       | out |    1|   ap_vld   |   outImag_219  |    pointer   |
|outImag_220              | out |   32|   ap_vld   |   outImag_220  |    pointer   |
|outImag_220_ap_vld       | out |    1|   ap_vld   |   outImag_220  |    pointer   |
|outImag_221              | out |   32|   ap_vld   |   outImag_221  |    pointer   |
|outImag_221_ap_vld       | out |    1|   ap_vld   |   outImag_221  |    pointer   |
|outImag_222              | out |   32|   ap_vld   |   outImag_222  |    pointer   |
|outImag_222_ap_vld       | out |    1|   ap_vld   |   outImag_222  |    pointer   |
|outImag_223              | out |   32|   ap_vld   |   outImag_223  |    pointer   |
|outImag_223_ap_vld       | out |    1|   ap_vld   |   outImag_223  |    pointer   |
|outImag_224              | out |   32|   ap_vld   |   outImag_224  |    pointer   |
|outImag_224_ap_vld       | out |    1|   ap_vld   |   outImag_224  |    pointer   |
|outImag_225              | out |   32|   ap_vld   |   outImag_225  |    pointer   |
|outImag_225_ap_vld       | out |    1|   ap_vld   |   outImag_225  |    pointer   |
|outImag_226              | out |   32|   ap_vld   |   outImag_226  |    pointer   |
|outImag_226_ap_vld       | out |    1|   ap_vld   |   outImag_226  |    pointer   |
|outImag_227              | out |   32|   ap_vld   |   outImag_227  |    pointer   |
|outImag_227_ap_vld       | out |    1|   ap_vld   |   outImag_227  |    pointer   |
|outImag_228              | out |   32|   ap_vld   |   outImag_228  |    pointer   |
|outImag_228_ap_vld       | out |    1|   ap_vld   |   outImag_228  |    pointer   |
|outImag_229              | out |   32|   ap_vld   |   outImag_229  |    pointer   |
|outImag_229_ap_vld       | out |    1|   ap_vld   |   outImag_229  |    pointer   |
|outImag_230              | out |   32|   ap_vld   |   outImag_230  |    pointer   |
|outImag_230_ap_vld       | out |    1|   ap_vld   |   outImag_230  |    pointer   |
|outImag_231              | out |   32|   ap_vld   |   outImag_231  |    pointer   |
|outImag_231_ap_vld       | out |    1|   ap_vld   |   outImag_231  |    pointer   |
|outImag_232              | out |   32|   ap_vld   |   outImag_232  |    pointer   |
|outImag_232_ap_vld       | out |    1|   ap_vld   |   outImag_232  |    pointer   |
|outImag_233              | out |   32|   ap_vld   |   outImag_233  |    pointer   |
|outImag_233_ap_vld       | out |    1|   ap_vld   |   outImag_233  |    pointer   |
|outImag_234              | out |   32|   ap_vld   |   outImag_234  |    pointer   |
|outImag_234_ap_vld       | out |    1|   ap_vld   |   outImag_234  |    pointer   |
|outImag_235              | out |   32|   ap_vld   |   outImag_235  |    pointer   |
|outImag_235_ap_vld       | out |    1|   ap_vld   |   outImag_235  |    pointer   |
|outImag_236              | out |   32|   ap_vld   |   outImag_236  |    pointer   |
|outImag_236_ap_vld       | out |    1|   ap_vld   |   outImag_236  |    pointer   |
|outImag_237              | out |   32|   ap_vld   |   outImag_237  |    pointer   |
|outImag_237_ap_vld       | out |    1|   ap_vld   |   outImag_237  |    pointer   |
|outImag_238              | out |   32|   ap_vld   |   outImag_238  |    pointer   |
|outImag_238_ap_vld       | out |    1|   ap_vld   |   outImag_238  |    pointer   |
|outImag_239              | out |   32|   ap_vld   |   outImag_239  |    pointer   |
|outImag_239_ap_vld       | out |    1|   ap_vld   |   outImag_239  |    pointer   |
|outImag_240              | out |   32|   ap_vld   |   outImag_240  |    pointer   |
|outImag_240_ap_vld       | out |    1|   ap_vld   |   outImag_240  |    pointer   |
|outImag_241              | out |   32|   ap_vld   |   outImag_241  |    pointer   |
|outImag_241_ap_vld       | out |    1|   ap_vld   |   outImag_241  |    pointer   |
|outImag_242              | out |   32|   ap_vld   |   outImag_242  |    pointer   |
|outImag_242_ap_vld       | out |    1|   ap_vld   |   outImag_242  |    pointer   |
|outImag_243              | out |   32|   ap_vld   |   outImag_243  |    pointer   |
|outImag_243_ap_vld       | out |    1|   ap_vld   |   outImag_243  |    pointer   |
|outImag_244              | out |   32|   ap_vld   |   outImag_244  |    pointer   |
|outImag_244_ap_vld       | out |    1|   ap_vld   |   outImag_244  |    pointer   |
|outImag_245              | out |   32|   ap_vld   |   outImag_245  |    pointer   |
|outImag_245_ap_vld       | out |    1|   ap_vld   |   outImag_245  |    pointer   |
|outImag_246              | out |   32|   ap_vld   |   outImag_246  |    pointer   |
|outImag_246_ap_vld       | out |    1|   ap_vld   |   outImag_246  |    pointer   |
|outImag_247              | out |   32|   ap_vld   |   outImag_247  |    pointer   |
|outImag_247_ap_vld       | out |    1|   ap_vld   |   outImag_247  |    pointer   |
|outImag_248              | out |   32|   ap_vld   |   outImag_248  |    pointer   |
|outImag_248_ap_vld       | out |    1|   ap_vld   |   outImag_248  |    pointer   |
|outImag_249              | out |   32|   ap_vld   |   outImag_249  |    pointer   |
|outImag_249_ap_vld       | out |    1|   ap_vld   |   outImag_249  |    pointer   |
|outImag_250              | out |   32|   ap_vld   |   outImag_250  |    pointer   |
|outImag_250_ap_vld       | out |    1|   ap_vld   |   outImag_250  |    pointer   |
|outImag_251              | out |   32|   ap_vld   |   outImag_251  |    pointer   |
|outImag_251_ap_vld       | out |    1|   ap_vld   |   outImag_251  |    pointer   |
|outImag_252              | out |   32|   ap_vld   |   outImag_252  |    pointer   |
|outImag_252_ap_vld       | out |    1|   ap_vld   |   outImag_252  |    pointer   |
|outImag_253              | out |   32|   ap_vld   |   outImag_253  |    pointer   |
|outImag_253_ap_vld       | out |    1|   ap_vld   |   outImag_253  |    pointer   |
|outImag_254              | out |   32|   ap_vld   |   outImag_254  |    pointer   |
|outImag_254_ap_vld       | out |    1|   ap_vld   |   outImag_254  |    pointer   |
|outImag_255              | out |   32|   ap_vld   |   outImag_255  |    pointer   |
|outImag_255_ap_vld       | out |    1|   ap_vld   |   outImag_255  |    pointer   |
+-------------------------+-----+-----+------------+----------------+--------------+

