

================================================================
== Vivado HLS Report for 'cordiccart2pol'
================================================================
* Date:           Fri Oct 26 12:19:00 2018

* Version:        2017.4 (Build 2086221 on Fri Dec 15 21:13:33 MST 2017)
* Project:        cordiccart2pol
* Solution:       solution1
* Product family: zynq
* Target device:  xc7z020clg400-1


================================================================
== Performance Estimates
================================================================
+ Timing (ns): 
    * Summary: 
    +--------+-------+----------+------------+
    |  Clock | Target| Estimated| Uncertainty|
    +--------+-------+----------+------------+
    |ap_clk  |  10.00|      8.63|        1.25|
    +--------+-------+----------+------------+

+ Latency (clock cycles): 
    * Summary: 
    +-----+-----+-----+-----+---------+
    |  Latency  |  Interval | Pipeline|
    | min | max | min | max |   Type  |
    +-----+-----+-----+-----+---------+
    |  182|  182|  182|  182|   none  |
    +-----+-----+-----+-----+---------+

    + Detail: 
        * Instance: 
        N/A

        * Loop: 
        +----------+-----+-----+----------+-----------+-----------+------+----------+
        |          |  Latency  | Iteration|  Initiation Interval  | Trip |          |
        | Loop Name| min | max |  Latency |  achieved |   target  | Count| Pipelined|
        +----------+-----+-----+----------+-----------+-----------+------+----------+
        |- Loop 1  |  176|  176|        11|          -|          -|    16|    no    |
        +----------+-----+-----+----------+-----------+-----------+------+----------+



================================================================
== Utilization Estimates
================================================================
* Summary: 
+-----------------+---------+-------+--------+-------+
|       Name      | BRAM_18K| DSP48E|   FF   |  LUT  |
+-----------------+---------+-------+--------+-------+
|DSP              |        -|      -|       -|      -|
|Expression       |        -|      -|       0|    401|
|FIFO             |        -|      -|       -|      -|
|Instance         |        -|     10|     762|   1661|
|Memory           |        0|      -|      64|     16|
|Multiplexer      |        -|      -|       -|    305|
|Register         |        -|      -|     404|      -|
+-----------------+---------+-------+--------+-------+
|Total            |        0|     10|    1230|   2383|
+-----------------+---------+-------+--------+-------+
|Available        |      280|    220|  106400|  53200|
+-----------------+---------+-------+--------+-------+
|Utilization (%)  |        0|      4|       1|      4|
+-----------------+---------+-------+--------+-------+

+ Detail: 
    * Instance: 
    +-------------------------+----------------------+---------+-------+-----+-----+
    |         Instance        |        Module        | BRAM_18K| DSP48E|  FF | LUT |
    +-------------------------+----------------------+---------+-------+-----+-----+
    |cordiccart2pol_fadEe_U1  |cordiccart2pol_fadEe  |        0|      2|  205|  390|
    |cordiccart2pol_fadEe_U2  |cordiccart2pol_fadEe  |        0|      2|  205|  390|
    |cordiccart2pol_fcfYi_U5  |cordiccart2pol_fcfYi  |        0|      0|   66|  239|
    |cordiccart2pol_fmeOg_U3  |cordiccart2pol_fmeOg  |        0|      3|  143|  321|
    |cordiccart2pol_fmeOg_U4  |cordiccart2pol_fmeOg  |        0|      3|  143|  321|
    +-------------------------+----------------------+---------+-------+-----+-----+
    |Total                    |                      |        0|     10|  762| 1661|
    +-------------------------+----------------------+---------+-------+-----+-----+

    * DSP48: 
    N/A

    * Memory: 
    +-----------+----------------------+---------+----+----+------+-----+------+-------------+
    |   Memory  |        Module        | BRAM_18K| FF | LUT| Words| Bits| Banks| W*Bits*Banks|
    +-----------+----------------------+---------+----+----+------+-----+------+-------------+
    |Kvalues_U  |cordiccart2pol_Kvbkb  |        0|  32|   8|    16|   32|     1|          512|
    |angles_U   |cordiccart2pol_ancud  |        0|  32|   8|    16|   32|     1|          512|
    +-----------+----------------------+---------+----+----+------+-----+------+-------------+
    |Total      |                      |        0|  64|  16|    32|   64|     2|         1024|
    +-----------+----------------------+---------+----+----+------+-----+------+-------------+

    * FIFO: 
    N/A

    * Expression: 
    +------------------------+----------+-------+---+----+------------+------------+
    |      Variable Name     | Operation| DSP48E| FF| LUT| Bitwidth P0| Bitwidth P1|
    +------------------------+----------+-------+---+----+------------+------------+
    |i_1_fu_350_p2           |     +    |      0|  0|  15|           5|           1|
    |tmp_14_fu_295_p2        |    and   |      0|  0|   8|           1|           1|
    |tmp_19_fu_398_p2        |    and   |      0|  0|   8|           1|           1|
    |tmp_4_fu_255_p2         |    and   |      0|  0|   8|           1|           1|
    |exitcond_fu_344_p2      |   icmp   |      0|  0|  11|           5|           6|
    |notlhs6_fu_380_p2       |   icmp   |      0|  0|  11|           8|           2|
    |notlhs8_fu_277_p2       |   icmp   |      0|  0|  11|           8|           2|
    |notlhs_fu_237_p2        |   icmp   |      0|  0|  11|           8|           2|
    |notrhs7_fu_386_p2       |   icmp   |      0|  0|  18|          23|           1|
    |notrhs9_fu_283_p2       |   icmp   |      0|  0|  18|          23|           1|
    |notrhs_fu_243_p2        |   icmp   |      0|  0|  18|          23|           1|
    |tmp_12_fu_289_p2        |    or    |      0|  0|   8|           1|           1|
    |tmp_17_fu_392_p2        |    or    |      0|  0|   8|           1|           1|
    |tmp_3_fu_249_p2         |    or    |      0|  0|   8|           1|           1|
    |grp_fu_213_p3           |  select  |      0|  0|  32|           1|          32|
    |storemerge5_fu_319_p3   |  select  |      0|  0|  32|           1|          32|
    |x_assign_3_fu_336_p3    |  select  |      0|  0|  32|           1|          32|
    |y_assign_3_fu_328_p3    |  select  |      0|  0|  32|           1|          32|
    |y_assign_4_fu_404_p3    |  select  |      0|  0|  32|           1|          32|
    |x_assign_neg_fu_300_p2  |    xor   |      0|  0|  40|          32|          33|
    |y_assign_neg_fu_310_p2  |    xor   |      0|  0|  40|          32|          33|
    +------------------------+----------+-------+---+----+------------+------------+
    |Total                   |          |      0|  0| 401|         178|         248|
    +------------------------+----------+-------+---+----+------------+------------+

    * Multiplexer: 
    +-----------------------------------------+----+-----------+-----+-----------+
    |                   Name                  | LUT| Input Size| Bits| Total Bits|
    +-----------------------------------------+----+-----------+-----+-----------+
    |ap_NS_fsm                                |  89|         18|    1|         18|
    |ap_phi_mux_p_1_ph_phi_fu_119_p4          |   9|          2|   32|         64|
    |ap_phi_mux_temp_ph_phi_fu_129_p4         |   9|          2|   32|         64|
    |ap_phi_mux_theta_local_ph_phi_fu_108_p4  |   9|          2|   21|         42|
    |grp_fu_181_opcode                        |  15|          3|    2|          6|
    |grp_fu_181_p0                            |  15|          3|   32|         96|
    |grp_fu_181_p1                            |  15|          3|   32|         96|
    |grp_fu_187_opcode                        |  15|          3|    2|          6|
    |grp_fu_192_p0                            |  15|          3|   32|         96|
    |grp_fu_192_p1                            |  15|          3|   32|         96|
    |grp_fu_205_opcode                        |  15|          3|    5|         15|
    |grp_fu_205_p0                            |  21|          4|   32|        128|
    |i_reg_148                                |   9|          2|    5|         10|
    |p_1_ph_reg_116                           |   9|          2|   32|         64|
    |p_1_reg_159                              |   9|          2|   32|         64|
    |temp_ph_reg_126                          |   9|          2|   32|         64|
    |temp_reg_170                             |   9|          2|   32|         64|
    |theta_local_ph_reg_104                   |   9|          2|   21|         42|
    |theta_local_reg_136                      |   9|          2|   32|         64|
    +-----------------------------------------+----+-----------+-----+-----------+
    |Total                                    | 305|         63|  441|       1099|
    +-----------------------------------------+----+-----------+-----+-----------+

    * Register: 
    +------------------------+----+----+-----+-----------+
    |          Name          | FF | LUT| Bits| Const Bits|
    +------------------------+----+----+-----+-----------+
    |Kvalues_load_reg_468    |  32|   0|   32|          0|
    |angles_load_reg_474     |  32|   0|   32|          0|
    |ap_CS_fsm               |  17|   0|   17|          0|
    |i_1_reg_447             |   5|   0|    5|          0|
    |i_reg_148               |   5|   0|    5|          0|
    |p_1_ph_reg_116          |  32|   0|   32|          0|
    |p_1_reg_159             |  32|   0|   32|          0|
    |storemerge_reg_489      |  32|   0|   32|          0|
    |temp_ph_reg_126         |  32|   0|   32|          0|
    |temp_reg_170            |  32|   0|   32|          0|
    |theta_local_ph_reg_104  |  21|   0|   32|         11|
    |theta_local_reg_136     |  32|   0|   32|          0|
    |tmp_13_reg_439          |   1|   0|    1|          0|
    |tmp_19_reg_462          |   1|   0|    1|          0|
    |tmp_4_reg_435           |   1|   0|    1|          0|
    |tmp_6_reg_418           |   1|   0|    1|          0|
    |tmp_8_reg_479           |  32|   0|   32|          0|
    |tmp_s_reg_484           |  32|   0|   32|          0|
    |x_1_to_int_reg_430      |  32|   0|   32|          0|
    +------------------------+----+----+-----+-----------+
    |Total                   | 404|   0|  415|         11|
    +------------------------+----+----+-----+-----------+



================================================================
== Interface
================================================================
* Summary: 
+--------------+-----+-----+------------+----------------+--------------+
|   RTL Ports  | Dir | Bits|  Protocol  |  Source Object |    C Type    |
+--------------+-----+-----+------------+----------------+--------------+
|ap_clk        |  in |    1| ap_ctrl_hs | cordiccart2pol | return value |
|ap_rst        |  in |    1| ap_ctrl_hs | cordiccart2pol | return value |
|ap_start      |  in |    1| ap_ctrl_hs | cordiccart2pol | return value |
|ap_done       | out |    1| ap_ctrl_hs | cordiccart2pol | return value |
|ap_idle       | out |    1| ap_ctrl_hs | cordiccart2pol | return value |
|ap_ready      | out |    1| ap_ctrl_hs | cordiccart2pol | return value |
|x_1           |  in |   32|   ap_none  |       x_1      |    scalar    |
|y             |  in |   32|   ap_none  |        y       |    scalar    |
|r             | out |   32|   ap_vld   |        r       |    pointer   |
|r_ap_vld      | out |    1|   ap_vld   |        r       |    pointer   |
|theta         | out |   32|   ap_vld   |      theta     |    pointer   |
|theta_ap_vld  | out |    1|   ap_vld   |      theta     |    pointer   |
+--------------+-----+-----+------------+----------------+--------------+

