

================================================================
== Vivado HLS Report for 'fir'
================================================================
* Date:           Fri Oct 26 11:41:57 2018

* Version:        2017.4 (Build 2086221 on Fri Dec 15 21:13:33 MST 2017)
* Project:        baseline
* Solution:       solution1
* Product family: zynq
* Target device:  xc7z020clg400-1


================================================================
== Performance Estimates
================================================================
+ Timing (ns): 
    * Summary: 
    +--------+-------+----------+------------+
    |  Clock | Target| Estimated| Uncertainty|
    +--------+-------+----------+------------+
    |ap_clk  |  10.00|      8.47|        1.25|
    +--------+-------+----------+------------+

+ Latency (clock cycles): 
    * Summary: 
    +-----+-----+-----+-----+---------+
    |  Latency  |  Interval | Pipeline|
    | min | max | min | max |   Type  |
    +-----+-----+-----+-----+---------+
    |  242|  242|  242|  242|   none  |
    +-----+-----+-----+-----+---------+

    + Detail: 
        * Instance: 
        +------------------+-------+-----+-----+-----+-----+---------+
        |                  |       |  Latency  |  Interval | Pipeline|
        |     Instance     | Module| min | max | min | max |   Type  |
        +------------------+-------+-----+-----+-----+-----+---------+
        |grp_firQ1_fu_116  |firQ1  |  236|  236|  236|  236|   none  |
        |grp_firQ2_fu_138  |firQ2  |  236|  236|  236|  236|   none  |
        |grp_firI1_fu_160  |firI1  |  236|  236|  236|  236|   none  |
        |grp_firI2_fu_182  |firI2  |  236|  236|  236|  236|   none  |
        +------------------+-------+-----+-----+-----+-----+---------+

        * Loop: 
        N/A



================================================================
== Utilization Estimates
================================================================
* Summary: 
+-----------------+---------+-------+--------+-------+
|       Name      | BRAM_18K| DSP48E|   FF   |  LUT  |
+-----------------+---------+-------+--------+-------+
|DSP              |        -|      -|       -|      -|
|Expression       |        -|      -|       0|      8|
|FIFO             |        -|      -|       -|      -|
|Instance         |       16|     24|    4466|   7668|
|Memory           |        -|      -|       -|      -|
|Multiplexer      |        -|      -|       -|     41|
|Register         |        -|      -|     139|      -|
+-----------------+---------+-------+--------+-------+
|Total            |       16|     24|    4605|   7717|
+-----------------+---------+-------+--------+-------+
|Available        |      280|    220|  106400|  53200|
+-----------------+---------+-------+--------+-------+
|Utilization (%)  |        5|     10|       4|     14|
+-----------------+---------+-------+--------+-------+

+ Detail: 
    * Instance: 
    +--------------------------+----------------------+---------+-------+------+------+
    |         Instance         |        Module        | BRAM_18K| DSP48E|  FF  |  LUT |
    +--------------------------+----------------------+---------+-------+------+------+
    |grp_firI1_fu_160          |firI1                 |        4|      5|  1014|  1702|
    |grp_firI2_fu_182          |firI2                 |        4|      5|  1014|  1702|
    |grp_firQ1_fu_116          |firQ1                 |        4|      5|  1014|  1742|
    |grp_firQ2_fu_138          |firQ2                 |        4|      5|  1014|  1742|
    |fir_fadd_32ns_32nbkb_U43  |fir_fadd_32ns_32nbkb  |        0|      2|   205|   390|
    |fir_fsub_32ns_32neOg_U44  |fir_fsub_32ns_32neOg  |        0|      2|   205|   390|
    +--------------------------+----------------------+---------+-------+------+------+
    |Total                     |                      |       16|     24|  4466|  7668|
    +--------------------------+----------------------+---------+-------+------+------+

    * DSP48: 
    N/A

    * Memory: 
    N/A

    * FIFO: 
    N/A

    * Expression: 
    +---------------------------------+----------+-------+---+----+------------+------------+
    |          Variable Name          | Operation| DSP48E| FF| LUT| Bitwidth P0| Bitwidth P1|
    +---------------------------------+----------+-------+---+----+------------+------------+
    |ap_block_state2_on_subcall_done  |    or    |      0|  0|   8|           1|           1|
    +---------------------------------+----------+-------+---+----+------------+------------+
    |Total                            |          |      0|  0|   8|           1|           1|
    +---------------------------------+----------+-------+---+----+------------+------------+

    * Multiplexer: 
    +-----------+----+-----------+-----+-----------+
    |    Name   | LUT| Input Size| Bits| Total Bits|
    +-----------+----+-----------+-----+-----------+
    |ap_NS_fsm  |  41|          8|    1|          8|
    +-----------+----+-----------+-----+-----------+
    |Total      |  41|          8|    1|          8|
    +-----------+----+-----------+-----+-----------+

    * Register: 
    +----------------------------------+----+----+-----+-----------+
    |               Name               | FF | LUT| Bits| Const Bits|
    +----------------------------------+----+----+-----+-----------+
    |IIfir_reg_226                     |  32|   0|   32|          0|
    |IQfir_reg_241                     |  32|   0|   32|          0|
    |QIfir_reg_231                     |  32|   0|   32|          0|
    |QQfir_reg_236                     |  32|   0|   32|          0|
    |ap_CS_fsm                         |   7|   0|    7|          0|
    |ap_reg_grp_firI1_fu_160_ap_start  |   1|   0|    1|          0|
    |ap_reg_grp_firI2_fu_182_ap_start  |   1|   0|    1|          0|
    |ap_reg_grp_firQ1_fu_116_ap_start  |   1|   0|    1|          0|
    |ap_reg_grp_firQ2_fu_138_ap_start  |   1|   0|    1|          0|
    +----------------------------------+----+----+-----+-----------+
    |Total                             | 139|   0|  139|          0|
    +----------------------------------+----+----+-----+-----------+



================================================================
== Interface
================================================================
* Summary: 
+----------+-----+-----+------------+--------------+--------------+
| RTL Ports| Dir | Bits|  Protocol  | Source Object|    C Type    |
+----------+-----+-----+------------+--------------+--------------+
|ap_clk    |  in |    1| ap_ctrl_hs |      fir     | return value |
|ap_rst    |  in |    1| ap_ctrl_hs |      fir     | return value |
|ap_start  |  in |    1| ap_ctrl_hs |      fir     | return value |
|ap_done   | out |    1| ap_ctrl_hs |      fir     | return value |
|ap_idle   | out |    1| ap_ctrl_hs |      fir     | return value |
|ap_ready  | out |    1| ap_ctrl_hs |      fir     | return value |
|I         |  in |   32|   ap_none  |       I      |    scalar    |
|Q         |  in |   32|   ap_none  |       Q      |    scalar    |
|X         | out |   32|   ap_vld   |       X      |    pointer   |
|X_ap_vld  | out |    1|   ap_vld   |       X      |    pointer   |
|Y         | out |   32|   ap_vld   |       Y      |    pointer   |
|Y_ap_vld  | out |    1|   ap_vld   |       Y      |    pointer   |
+----------+-----+-----+------------+--------------+--------------+

