

================================================================
== Vivado HLS Report for 'dft'
================================================================
* Date:           Thu Nov  8 16:08:49 2018

* Version:        2017.4 (Build 2086221 on Fri Dec 15 21:13:33 MST 2017)
* Project:        hls
* Solution:       solution1
* Product family: zynq
* Target device:  xc7z020clg484-1


================================================================
== Performance Estimates
================================================================
+ Timing (ns): 
    * Summary: 
    +--------+-------+----------+------------+
    |  Clock | Target| Estimated| Uncertainty|
    +--------+-------+----------+------------+
    |ap_clk  |  10.00|      9.75|        1.25|
    +--------+-------+----------+------------+

+ Latency (clock cycles): 
    * Summary: 
    +--------+--------+--------+--------+---------+
    |     Latency     |     Interval    | Pipeline|
    |   min  |   max  |   min  |   max  |   Type  |
    +--------+--------+--------+--------+---------+
    |  334337|  334337|  334337|  334337|   none  |
    +--------+--------+--------+--------+---------+

    + Detail: 
        * Instance: 
        N/A

        * Loop: 
        +-------------+--------+--------+----------+-----------+-----------+------+----------+
        |             |     Latency     | Iteration|  Initiation Interval  | Trip |          |
        |  Loop Name  |   min  |   max  |  Latency |  achieved |   target  | Count| Pipelined|
        +-------------+--------+--------+----------+-----------+-----------+------+----------+
        |- Loop 1     |  334336|  334336|      1306|          -|          -|   256|    no    |
        | + Loop 1.1  |    1304|    1304|       652|          -|          -|     2|    no    |
        +-------------+--------+--------+----------+-----------+-----------+------+----------+



================================================================
== Utilization Estimates
================================================================
* Summary: 
+-----------------+---------+-------+--------+-------+
|       Name      | BRAM_18K| DSP48E|   FF   |  LUT  |
+-----------------+---------+-------+--------+-------+
|DSP              |        -|      -|       -|      -|
|Expression       |        -|      0|       0|   7211|
|FIFO             |        -|      -|       -|      -|
|Instance         |        -|     20|    1392|   2844|
|Memory           |        2|      -|       0|      0|
|Multiplexer      |        -|      -|       -|   4712|
|Register         |        -|      -|    1170|      -|
+-----------------+---------+-------+--------+-------+
|Total            |        2|     20|    2562|  14767|
+-----------------+---------+-------+--------+-------+
|Available        |      280|    220|  106400|  53200|
+-----------------+---------+-------+--------+-------+
|Utilization (%)  |    ~0   |      9|       2|     27|
+-----------------+---------+-------+--------+-------+

+ Detail: 
    * Instance: 
    +-------------------------+----------------------+---------+-------+-----+-----+
    |         Instance        |        Module        | BRAM_18K| DSP48E|  FF | LUT |
    +-------------------------+----------------------+---------+-------+-----+-----+
    |dft_fadd_32ns_32neOg_U2  |dft_fadd_32ns_32neOg  |        0|      2|  205|  390|
    |dft_fadd_32ns_32neOg_U4  |dft_fadd_32ns_32neOg  |        0|      2|  205|  390|
    |dft_faddfsub_32nsdEe_U1  |dft_faddfsub_32nsdEe  |        0|      2|  205|  390|
    |dft_fmul_32ns_32ng8j_U5  |dft_fmul_32ns_32ng8j  |        0|      3|  143|  321|
    |dft_fmul_32ns_32ng8j_U6  |dft_fmul_32ns_32ng8j  |        0|      3|  143|  321|
    |dft_fmul_32ns_32ng8j_U7  |dft_fmul_32ns_32ng8j  |        0|      3|  143|  321|
    |dft_fmul_32ns_32ng8j_U8  |dft_fmul_32ns_32ng8j  |        0|      3|  143|  321|
    |dft_fsub_32ns_32nfYi_U3  |dft_fsub_32ns_32nfYi  |        0|      2|  205|  390|
    +-------------------------+----------------------+---------+-------+-----+-----+
    |Total                    |                      |        0|     20| 1392| 2844|
    +-------------------------+----------------------+---------+-------+-----+-----+

    * DSP48: 
    N/A

    * Memory: 
    +------------------------+----------------------+---------+---+----+------+-----+------+-------------+
    |         Memory         |        Module        | BRAM_18K| FF| LUT| Words| Bits| Banks| W*Bits*Banks|
    +------------------------+----------------------+---------+---+----+------+-----+------+-------------+
    |cos_coefficients_tab_U  |dft_cos_coefficiebkb  |        1|  0|   0|   256|   32|     1|         8192|
    |sin_coefficients_tab_U  |dft_sin_coefficiecud  |        1|  0|   0|   256|   32|     1|         8192|
    +------------------------+----------------------+---------+---+----+------+-----+------+-------------+
    |Total                   |                      |        2|  0|   0|   512|   64|     2|        16384|
    +------------------------+----------------------+---------+---+----+------+-----+------+-------------+

    * FIFO: 
    N/A

    * Expression: 
    +---------------------------+----------+-------+---+----+------------+------------+
    |       Variable Name       | Operation| DSP48E| FF| LUT| Bitwidth P0| Bitwidth P1|
    +---------------------------+----------+-------+---+----+------------+------------+
    |tmp_2_100_cast_fu_6842_p2  |     *    |      0|  0|  41|           8|           8|
    |tmp_2_101_cast_fu_6864_p2  |     *    |      0|  0|  41|           8|           8|
    |tmp_2_102_cast_fu_6886_p2  |     *    |      0|  0|  41|           8|           8|
    |tmp_2_103_cast_fu_6908_p2  |     *    |      0|  0|  41|           8|           8|
    |tmp_2_104_cast_fu_6930_p2  |     *    |      0|  0|  41|           8|           8|
    |tmp_2_105_cast_fu_6952_p2  |     *    |      0|  0|  41|           8|           8|
    |tmp_2_106_cast_fu_6974_p2  |     *    |      0|  0|  41|           8|           8|
    |tmp_2_107_cast_fu_6996_p2  |     *    |      0|  0|  41|           8|           8|
    |tmp_2_108_cast_fu_7018_p2  |     *    |      0|  0|  41|           8|           8|
    |tmp_2_109_cast_fu_7040_p2  |     *    |      0|  0|  41|           8|           8|
    |tmp_2_10_cast_fu_4862_p2   |     *    |      0|  0|  41|           8|           8|
    |tmp_2_110_cast_fu_7062_p2  |     *    |      0|  0|  41|           8|           8|
    |tmp_2_111_cast_fu_7084_p2  |     *    |      0|  0|  41|           8|           8|
    |tmp_2_112_cast_fu_7106_p2  |     *    |      0|  0|  41|           8|           8|
    |tmp_2_113_cast_fu_7128_p2  |     *    |      0|  0|  41|           8|           8|
    |tmp_2_114_cast_fu_7150_p2  |     *    |      0|  0|  41|           8|           8|
    |tmp_2_115_cast_fu_7172_p2  |     *    |      0|  0|  41|           8|           8|
    |tmp_2_116_cast_fu_7194_p2  |     *    |      0|  0|  41|           8|           8|
    |tmp_2_117_cast_fu_7216_p2  |     *    |      0|  0|  41|           8|           8|
    |tmp_2_118_cast_fu_7238_p2  |     *    |      0|  0|  41|           8|           8|
    |tmp_2_119_cast_fu_7260_p2  |     *    |      0|  0|  41|           8|           8|
    |tmp_2_11_cast_fu_4884_p2   |     *    |      0|  0|  41|           8|           8|
    |tmp_2_120_cast_fu_7282_p2  |     *    |      0|  0|  41|           8|           8|
    |tmp_2_121_cast_fu_7304_p2  |     *    |      0|  0|  41|           8|           8|
    |tmp_2_122_cast_fu_7326_p2  |     *    |      0|  0|  41|           8|           8|
    |tmp_2_123_cast_fu_7348_p2  |     *    |      0|  0|  41|           8|           8|
    |tmp_2_124_cast_fu_7370_p2  |     *    |      0|  0|  41|           8|           8|
    |tmp_2_125_cast_fu_7392_p2  |     *    |      0|  0|  41|           8|           8|
    |tmp_2_126_cast_fu_7414_p2  |     *    |      0|  0|  41|           8|           8|
    |tmp_2_12_cast_fu_4906_p2   |     *    |      0|  0|  41|           8|           8|
    |tmp_2_13_cast_fu_4928_p2   |     *    |      0|  0|  41|           8|           8|
    |tmp_2_14_cast_fu_4950_p2   |     *    |      0|  0|  41|           8|           8|
    |tmp_2_15_cast_fu_4972_p2   |     *    |      0|  0|  41|           8|           8|
    |tmp_2_16_cast_fu_4994_p2   |     *    |      0|  0|  41|           8|           8|
    |tmp_2_17_cast_fu_5016_p2   |     *    |      0|  0|  41|           8|           8|
    |tmp_2_18_cast_fu_5038_p2   |     *    |      0|  0|  41|           8|           8|
    |tmp_2_19_cast_fu_5060_p2   |     *    |      0|  0|  41|           8|           8|
    |tmp_2_1_cast_fu_4642_p2    |     *    |      0|  0|  41|           8|           8|
    |tmp_2_20_cast_fu_5082_p2   |     *    |      0|  0|  41|           8|           8|
    |tmp_2_21_cast_fu_5104_p2   |     *    |      0|  0|  41|           8|           8|
    |tmp_2_22_cast_fu_5126_p2   |     *    |      0|  0|  41|           8|           8|
    |tmp_2_23_cast_fu_5148_p2   |     *    |      0|  0|  41|           8|           8|
    |tmp_2_24_cast_fu_5170_p2   |     *    |      0|  0|  41|           8|           8|
    |tmp_2_25_cast_fu_5192_p2   |     *    |      0|  0|  41|           8|           8|
    |tmp_2_26_cast_fu_5214_p2   |     *    |      0|  0|  41|           8|           8|
    |tmp_2_27_cast_fu_5236_p2   |     *    |      0|  0|  41|           8|           8|
    |tmp_2_28_cast_fu_5258_p2   |     *    |      0|  0|  41|           8|           8|
    |tmp_2_29_cast_fu_5280_p2   |     *    |      0|  0|  41|           8|           8|
    |tmp_2_2_cast_fu_4664_p2    |     *    |      0|  0|  41|           8|           8|
    |tmp_2_30_cast_fu_5302_p2   |     *    |      0|  0|  41|           8|           8|
    |tmp_2_31_cast_fu_5324_p2   |     *    |      0|  0|  41|           8|           8|
    |tmp_2_32_cast_fu_5346_p2   |     *    |      0|  0|  41|           8|           8|
    |tmp_2_33_cast_fu_5368_p2   |     *    |      0|  0|  41|           8|           8|
    |tmp_2_34_cast_fu_5390_p2   |     *    |      0|  0|  41|           8|           8|
    |tmp_2_35_cast_fu_5412_p2   |     *    |      0|  0|  41|           8|           8|
    |tmp_2_36_cast_fu_5434_p2   |     *    |      0|  0|  41|           8|           8|
    |tmp_2_37_cast_fu_5456_p2   |     *    |      0|  0|  41|           8|           8|
    |tmp_2_38_cast_fu_5478_p2   |     *    |      0|  0|  41|           8|           8|
    |tmp_2_39_cast_fu_5500_p2   |     *    |      0|  0|  41|           8|           8|
    |tmp_2_3_cast_fu_4686_p2    |     *    |      0|  0|  41|           8|           8|
    |tmp_2_40_cast_fu_5522_p2   |     *    |      0|  0|  41|           8|           8|
    |tmp_2_41_cast_fu_5544_p2   |     *    |      0|  0|  41|           8|           8|
    |tmp_2_42_cast_fu_5566_p2   |     *    |      0|  0|  41|           8|           8|
    |tmp_2_43_cast_fu_5588_p2   |     *    |      0|  0|  41|           8|           8|
    |tmp_2_44_cast_fu_5610_p2   |     *    |      0|  0|  41|           8|           8|
    |tmp_2_45_cast_fu_5632_p2   |     *    |      0|  0|  41|           8|           8|
    |tmp_2_46_cast_fu_5654_p2   |     *    |      0|  0|  41|           8|           8|
    |tmp_2_47_cast_fu_5676_p2   |     *    |      0|  0|  41|           8|           8|
    |tmp_2_48_cast_fu_5698_p2   |     *    |      0|  0|  41|           8|           8|
    |tmp_2_49_cast_fu_5720_p2   |     *    |      0|  0|  41|           8|           8|
    |tmp_2_4_cast_fu_4708_p2    |     *    |      0|  0|  41|           8|           8|
    |tmp_2_50_cast_fu_5742_p2   |     *    |      0|  0|  41|           8|           8|
    |tmp_2_51_cast_fu_5764_p2   |     *    |      0|  0|  41|           8|           8|
    |tmp_2_52_cast_fu_5786_p2   |     *    |      0|  0|  41|           8|           8|
    |tmp_2_53_cast_fu_5808_p2   |     *    |      0|  0|  41|           8|           8|
    |tmp_2_54_cast_fu_5830_p2   |     *    |      0|  0|  41|           8|           8|
    |tmp_2_55_cast_fu_5852_p2   |     *    |      0|  0|  41|           8|           8|
    |tmp_2_56_cast_fu_5874_p2   |     *    |      0|  0|  41|           8|           8|
    |tmp_2_57_cast_fu_5896_p2   |     *    |      0|  0|  41|           8|           8|
    |tmp_2_58_cast_fu_5918_p2   |     *    |      0|  0|  41|           8|           8|
    |tmp_2_59_cast_fu_5940_p2   |     *    |      0|  0|  41|           8|           8|
    |tmp_2_5_cast_fu_4730_p2    |     *    |      0|  0|  41|           8|           8|
    |tmp_2_60_cast_fu_5962_p2   |     *    |      0|  0|  41|           8|           8|
    |tmp_2_61_cast_fu_5984_p2   |     *    |      0|  0|  41|           8|           8|
    |tmp_2_62_cast_fu_6006_p2   |     *    |      0|  0|  41|           8|           8|
    |tmp_2_63_cast_fu_6028_p2   |     *    |      0|  0|  41|           8|           8|
    |tmp_2_64_cast_fu_6050_p2   |     *    |      0|  0|  41|           8|           8|
    |tmp_2_65_cast_fu_6072_p2   |     *    |      0|  0|  41|           8|           8|
    |tmp_2_66_cast_fu_6094_p2   |     *    |      0|  0|  41|           8|           8|
    |tmp_2_67_cast_fu_6116_p2   |     *    |      0|  0|  41|           8|           8|
    |tmp_2_68_cast_fu_6138_p2   |     *    |      0|  0|  41|           8|           8|
    |tmp_2_69_cast_fu_6160_p2   |     *    |      0|  0|  41|           8|           8|
    |tmp_2_6_cast_fu_4752_p2    |     *    |      0|  0|  41|           8|           8|
    |tmp_2_70_cast_fu_6182_p2   |     *    |      0|  0|  41|           8|           8|
    |tmp_2_71_cast_fu_6204_p2   |     *    |      0|  0|  41|           8|           8|
    |tmp_2_72_cast_fu_6226_p2   |     *    |      0|  0|  41|           8|           8|
    |tmp_2_73_cast_fu_6248_p2   |     *    |      0|  0|  41|           8|           8|
    |tmp_2_74_cast_fu_6270_p2   |     *    |      0|  0|  41|           8|           8|
    |tmp_2_75_cast_fu_6292_p2   |     *    |      0|  0|  41|           8|           8|
    |tmp_2_76_cast_fu_6314_p2   |     *    |      0|  0|  41|           8|           8|
    |tmp_2_77_cast_fu_6336_p2   |     *    |      0|  0|  41|           8|           8|
    |tmp_2_78_cast_fu_6358_p2   |     *    |      0|  0|  41|           8|           8|
    |tmp_2_79_cast_fu_6380_p2   |     *    |      0|  0|  41|           8|           8|
    |tmp_2_7_cast_fu_4774_p2    |     *    |      0|  0|  41|           8|           8|
    |tmp_2_80_cast_fu_6402_p2   |     *    |      0|  0|  41|           8|           8|
    |tmp_2_81_cast_fu_6424_p2   |     *    |      0|  0|  41|           8|           8|
    |tmp_2_82_cast_fu_6446_p2   |     *    |      0|  0|  41|           8|           8|
    |tmp_2_83_cast_fu_6468_p2   |     *    |      0|  0|  41|           8|           8|
    |tmp_2_84_cast_fu_6490_p2   |     *    |      0|  0|  41|           8|           8|
    |tmp_2_85_cast_fu_6512_p2   |     *    |      0|  0|  41|           8|           8|
    |tmp_2_86_cast_fu_6534_p2   |     *    |      0|  0|  41|           8|           8|
    |tmp_2_87_cast_fu_6556_p2   |     *    |      0|  0|  41|           8|           8|
    |tmp_2_88_cast_fu_6578_p2   |     *    |      0|  0|  41|           8|           8|
    |tmp_2_89_cast_fu_6600_p2   |     *    |      0|  0|  41|           8|           8|
    |tmp_2_8_cast_fu_4796_p2    |     *    |      0|  0|  41|           8|           8|
    |tmp_2_90_cast_fu_6622_p2   |     *    |      0|  0|  41|           8|           8|
    |tmp_2_91_cast_fu_6644_p2   |     *    |      0|  0|  41|           8|           8|
    |tmp_2_92_cast_fu_6666_p2   |     *    |      0|  0|  41|           8|           8|
    |tmp_2_93_cast_fu_6688_p2   |     *    |      0|  0|  41|           8|           8|
    |tmp_2_94_cast_fu_6710_p2   |     *    |      0|  0|  41|           8|           8|
    |tmp_2_95_cast_fu_6732_p2   |     *    |      0|  0|  41|           8|           8|
    |tmp_2_96_cast_fu_6754_p2   |     *    |      0|  0|  41|           8|           8|
    |tmp_2_97_cast_fu_6776_p2   |     *    |      0|  0|  41|           8|           8|
    |tmp_2_98_cast_fu_6798_p2   |     *    |      0|  0|  41|           8|           8|
    |tmp_2_99_cast_fu_6820_p2   |     *    |      0|  0|  41|           8|           8|
    |tmp_2_9_cast_fu_4818_p2    |     *    |      0|  0|  41|           8|           8|
    |tmp_2_cast_fu_4840_p2      |     *    |      0|  0|  41|           8|           8|
    |tmp_2_fu_4614_p2           |     *    |      0|  0|  41|           8|           8|
    |i_1_fu_4592_p2             |     +    |      0|  0|  16|           1|           9|
    |j_1_127_fu_4631_p2         |     +    |      0|  0|  16|           8|           9|
    |exitcond1_fu_4586_p2       |   icmp   |      0|  0|  13|           9|          10|
    |exitcond_fu_4604_p2        |   icmp   |      0|  0|  13|           9|          10|
    |j_1_100_fu_6837_p2         |    or    |      0|  0|  15|           8|           7|
    |j_1_101_fu_6859_p2         |    or    |      0|  0|  15|           8|           7|
    |j_1_102_fu_6881_p2         |    or    |      0|  0|  15|           8|           7|
    |j_1_103_fu_6903_p2         |    or    |      0|  0|  15|           8|           7|
    |j_1_104_fu_6925_p2         |    or    |      0|  0|  15|           8|           7|
    |j_1_105_fu_6947_p2         |    or    |      0|  0|  15|           8|           7|
    |j_1_106_fu_6969_p2         |    or    |      0|  0|  15|           8|           7|
    |j_1_107_fu_6991_p2         |    or    |      0|  0|  15|           8|           7|
    |j_1_108_fu_7013_p2         |    or    |      0|  0|  15|           8|           7|
    |j_1_109_fu_7035_p2         |    or    |      0|  0|  15|           8|           7|
    |j_1_10_fu_4857_p2          |    or    |      0|  0|  15|           8|           4|
    |j_1_110_fu_7057_p2         |    or    |      0|  0|  15|           8|           7|
    |j_1_111_fu_7079_p2         |    or    |      0|  0|  15|           8|           7|
    |j_1_112_fu_7101_p2         |    or    |      0|  0|  15|           8|           7|
    |j_1_113_fu_7123_p2         |    or    |      0|  0|  15|           8|           7|
    |j_1_114_fu_7145_p2         |    or    |      0|  0|  15|           8|           7|
    |j_1_115_fu_7167_p2         |    or    |      0|  0|  15|           8|           7|
    |j_1_116_fu_7189_p2         |    or    |      0|  0|  15|           8|           7|
    |j_1_117_fu_7211_p2         |    or    |      0|  0|  15|           8|           7|
    |j_1_118_fu_7233_p2         |    or    |      0|  0|  15|           8|           7|
    |j_1_119_fu_7255_p2         |    or    |      0|  0|  15|           8|           7|
    |j_1_11_fu_4879_p2          |    or    |      0|  0|  15|           8|           4|
    |j_1_120_fu_7277_p2         |    or    |      0|  0|  15|           8|           7|
    |j_1_121_fu_7299_p2         |    or    |      0|  0|  15|           8|           7|
    |j_1_122_fu_7321_p2         |    or    |      0|  0|  15|           8|           7|
    |j_1_123_fu_7343_p2         |    or    |      0|  0|  15|           8|           7|
    |j_1_124_fu_7365_p2         |    or    |      0|  0|  15|           8|           7|
    |j_1_125_fu_7387_p2         |    or    |      0|  0|  15|           8|           7|
    |j_1_126_fu_7409_p2         |    or    |      0|  0|  15|           8|           7|
    |j_1_12_fu_4901_p2          |    or    |      0|  0|  15|           8|           4|
    |j_1_13_fu_4923_p2          |    or    |      0|  0|  15|           8|           4|
    |j_1_14_fu_4945_p2          |    or    |      0|  0|  15|           8|           4|
    |j_1_15_fu_4967_p2          |    or    |      0|  0|  15|           8|           5|
    |j_1_16_fu_4989_p2          |    or    |      0|  0|  15|           8|           5|
    |j_1_17_fu_5011_p2          |    or    |      0|  0|  15|           8|           5|
    |j_1_18_fu_5033_p2          |    or    |      0|  0|  15|           8|           5|
    |j_1_19_fu_5055_p2          |    or    |      0|  0|  15|           8|           5|
    |j_1_1_fu_4659_p2           |    or    |      0|  0|  15|           8|           2|
    |j_1_20_fu_5077_p2          |    or    |      0|  0|  15|           8|           5|
    |j_1_21_fu_5099_p2          |    or    |      0|  0|  15|           8|           5|
    |j_1_22_fu_5121_p2          |    or    |      0|  0|  15|           8|           5|
    |j_1_23_fu_5143_p2          |    or    |      0|  0|  15|           8|           5|
    |j_1_24_fu_5165_p2          |    or    |      0|  0|  15|           8|           5|
    |j_1_25_fu_5187_p2          |    or    |      0|  0|  15|           8|           5|
    |j_1_26_fu_5209_p2          |    or    |      0|  0|  15|           8|           5|
    |j_1_27_fu_5231_p2          |    or    |      0|  0|  15|           8|           5|
    |j_1_28_fu_5253_p2          |    or    |      0|  0|  15|           8|           5|
    |j_1_29_fu_5275_p2          |    or    |      0|  0|  15|           8|           5|
    |j_1_2_fu_4681_p2           |    or    |      0|  0|  15|           8|           2|
    |j_1_30_fu_5297_p2          |    or    |      0|  0|  15|           8|           5|
    |j_1_31_fu_5319_p2          |    or    |      0|  0|  15|           8|           6|
    |j_1_32_fu_5341_p2          |    or    |      0|  0|  15|           8|           6|
    |j_1_33_fu_5363_p2          |    or    |      0|  0|  15|           8|           6|
    |j_1_34_fu_5385_p2          |    or    |      0|  0|  15|           8|           6|
    |j_1_35_fu_5407_p2          |    or    |      0|  0|  15|           8|           6|
    |j_1_36_fu_5429_p2          |    or    |      0|  0|  15|           8|           6|
    |j_1_37_fu_5451_p2          |    or    |      0|  0|  15|           8|           6|
    |j_1_38_fu_5473_p2          |    or    |      0|  0|  15|           8|           6|
    |j_1_39_fu_5495_p2          |    or    |      0|  0|  15|           8|           6|
    |j_1_3_fu_4703_p2           |    or    |      0|  0|  15|           8|           3|
    |j_1_40_fu_5517_p2          |    or    |      0|  0|  15|           8|           6|
    |j_1_41_fu_5539_p2          |    or    |      0|  0|  15|           8|           6|
    |j_1_42_fu_5561_p2          |    or    |      0|  0|  15|           8|           6|
    |j_1_43_fu_5583_p2          |    or    |      0|  0|  15|           8|           6|
    |j_1_44_fu_5605_p2          |    or    |      0|  0|  15|           8|           6|
    |j_1_45_fu_5627_p2          |    or    |      0|  0|  15|           8|           6|
    |j_1_46_fu_5649_p2          |    or    |      0|  0|  15|           8|           6|
    |j_1_47_fu_5671_p2          |    or    |      0|  0|  15|           8|           6|
    |j_1_48_fu_5693_p2          |    or    |      0|  0|  15|           8|           6|
    |j_1_49_fu_5715_p2          |    or    |      0|  0|  15|           8|           6|
    |j_1_4_fu_4725_p2           |    or    |      0|  0|  15|           8|           3|
    |j_1_50_fu_5737_p2          |    or    |      0|  0|  15|           8|           6|
    |j_1_51_fu_5759_p2          |    or    |      0|  0|  15|           8|           6|
    |j_1_52_fu_5781_p2          |    or    |      0|  0|  15|           8|           6|
    |j_1_53_fu_5803_p2          |    or    |      0|  0|  15|           8|           6|
    |j_1_54_fu_5825_p2          |    or    |      0|  0|  15|           8|           6|
    |j_1_55_fu_5847_p2          |    or    |      0|  0|  15|           8|           6|
    |j_1_56_fu_5869_p2          |    or    |      0|  0|  15|           8|           6|
    |j_1_57_fu_5891_p2          |    or    |      0|  0|  15|           8|           6|
    |j_1_58_fu_5913_p2          |    or    |      0|  0|  15|           8|           6|
    |j_1_59_fu_5935_p2          |    or    |      0|  0|  15|           8|           6|
    |j_1_5_fu_4747_p2           |    or    |      0|  0|  15|           8|           3|
    |j_1_60_fu_5957_p2          |    or    |      0|  0|  15|           8|           6|
    |j_1_61_fu_5979_p2          |    or    |      0|  0|  15|           8|           6|
    |j_1_62_fu_6001_p2          |    or    |      0|  0|  15|           8|           6|
    |j_1_63_fu_6023_p2          |    or    |      0|  0|  15|           8|           7|
    |j_1_64_fu_6045_p2          |    or    |      0|  0|  15|           8|           7|
    |j_1_65_fu_6067_p2          |    or    |      0|  0|  15|           8|           7|
    |j_1_66_fu_6089_p2          |    or    |      0|  0|  15|           8|           7|
    |j_1_67_fu_6111_p2          |    or    |      0|  0|  15|           8|           7|
    |j_1_68_fu_6133_p2          |    or    |      0|  0|  15|           8|           7|
    |j_1_69_fu_6155_p2          |    or    |      0|  0|  15|           8|           7|
    |j_1_6_fu_4769_p2           |    or    |      0|  0|  15|           8|           3|
    |j_1_70_fu_6177_p2          |    or    |      0|  0|  15|           8|           7|
    |j_1_71_fu_6199_p2          |    or    |      0|  0|  15|           8|           7|
    |j_1_72_fu_6221_p2          |    or    |      0|  0|  15|           8|           7|
    |j_1_73_fu_6243_p2          |    or    |      0|  0|  15|           8|           7|
    |j_1_74_fu_6265_p2          |    or    |      0|  0|  15|           8|           7|
    |j_1_75_fu_6287_p2          |    or    |      0|  0|  15|           8|           7|
    |j_1_76_fu_6309_p2          |    or    |      0|  0|  15|           8|           7|
    |j_1_77_fu_6331_p2          |    or    |      0|  0|  15|           8|           7|
    |j_1_78_fu_6353_p2          |    or    |      0|  0|  15|           8|           7|
    |j_1_79_fu_6375_p2          |    or    |      0|  0|  15|           8|           7|
    |j_1_7_fu_4791_p2           |    or    |      0|  0|  15|           8|           4|
    |j_1_80_fu_6397_p2          |    or    |      0|  0|  15|           8|           7|
    |j_1_81_fu_6419_p2          |    or    |      0|  0|  15|           8|           7|
    |j_1_82_fu_6441_p2          |    or    |      0|  0|  15|           8|           7|
    |j_1_83_fu_6463_p2          |    or    |      0|  0|  15|           8|           7|
    |j_1_84_fu_6485_p2          |    or    |      0|  0|  15|           8|           7|
    |j_1_85_fu_6507_p2          |    or    |      0|  0|  15|           8|           7|
    |j_1_86_fu_6529_p2          |    or    |      0|  0|  15|           8|           7|
    |j_1_87_fu_6551_p2          |    or    |      0|  0|  15|           8|           7|
    |j_1_88_fu_6573_p2          |    or    |      0|  0|  15|           8|           7|
    |j_1_89_fu_6595_p2          |    or    |      0|  0|  15|           8|           7|
    |j_1_8_fu_4813_p2           |    or    |      0|  0|  15|           8|           4|
    |j_1_90_fu_6617_p2          |    or    |      0|  0|  15|           8|           7|
    |j_1_91_fu_6639_p2          |    or    |      0|  0|  15|           8|           7|
    |j_1_92_fu_6661_p2          |    or    |      0|  0|  15|           8|           7|
    |j_1_93_fu_6683_p2          |    or    |      0|  0|  15|           8|           7|
    |j_1_94_fu_6705_p2          |    or    |      0|  0|  15|           8|           7|
    |j_1_95_fu_6727_p2          |    or    |      0|  0|  15|           8|           7|
    |j_1_96_fu_6749_p2          |    or    |      0|  0|  15|           8|           7|
    |j_1_97_fu_6771_p2          |    or    |      0|  0|  15|           8|           7|
    |j_1_98_fu_6793_p2          |    or    |      0|  0|  15|           8|           7|
    |j_1_99_fu_6815_p2          |    or    |      0|  0|  15|           8|           7|
    |j_1_9_fu_4835_p2           |    or    |      0|  0|  15|           8|           4|
    |j_1_s_fu_4637_p2           |    or    |      0|  0|  15|           8|           1|
    +---------------------------+----------+-------+---+----+------------+------------+
    |Total                      |          |      0|  0|7211|        2067|        1831|
    +---------------------------+----------+-------+---+----+------------+------------+

    * Multiplexer: 
    +-------------------------------+------+-----------+-----+-----------+
    |              Name             |  LUT | Input Size| Bits| Total Bits|
    +-------------------------------+------+-----------+-----+-----------+
    |ap_NS_fsm                      |  2193|        655|    1|        655|
    |cos_coefficients_tab_address0  |   581|        129|    8|       1032|
    |grp_fu_4474_opcode             |    15|          3|    2|          6|
    |grp_fu_4474_p0                 |    21|          4|   32|        128|
    |grp_fu_4474_p1                 |    21|          4|   32|        128|
    |grp_fu_4478_p0                 |    21|          4|   32|        128|
    |grp_fu_4478_p1                 |    21|          4|   32|        128|
    |i_reg_4428                     |     9|          2|    9|         18|
    |imag_sample_address0           |   581|        129|    8|       1032|
    |j_reg_4463                     |     9|          2|    9|         18|
    |outImag_address0               |    15|          3|    8|         24|
    |outImag_d0                     |    15|          3|   32|         96|
    |outImag_load_reg_4439          |     9|          2|   32|         64|
    |outReal_address0               |    15|          3|    8|         24|
    |outReal_d0                     |    15|          3|   32|         96|
    |outReal_load_reg_4451          |     9|          2|   32|         64|
    |real_sample_address0           |   581|        129|    8|       1032|
    |sin_coefficients_tab_address0  |   581|        129|    8|       1032|
    +-------------------------------+------+-----------+-----+-----------+
    |Total                          |  4712|       1210|  325|       5705|
    +-------------------------------+------+-----------+-----+-----------+

    * Register: 
    +-----------------------+-----+----+-----+-----------+
    |          Name         |  FF | LUT| Bits| Const Bits|
    +-----------------------+-----+----+-----+-----------+
    |ap_CS_fsm              |  654|   0|  654|          0|
    |i_1_reg_7566           |    9|   0|    9|          0|
    |i_reg_4428             |    9|   0|    9|          0|
    |j_1_127_reg_7735       |    9|   0|    9|          0|
    |j_reg_4463             |    9|   0|    9|          0|
    |outImag_addr_reg_7576  |    8|   0|    8|          0|
    |outImag_load_reg_4439  |   32|   0|   32|          0|
    |outReal_addr_reg_7571  |    8|   0|    8|          0|
    |outReal_load_reg_4451  |   32|   0|   32|          0|
    |reg_4508               |   32|   0|   32|          0|
    |reg_4514               |   32|   0|   32|          0|
    |reg_4520               |   32|   0|   32|          0|
    |reg_4526               |   32|   0|   32|          0|
    |reg_4532               |   32|   0|   32|          0|
    |reg_4538               |   32|   0|   32|          0|
    |reg_4544               |   32|   0|   32|          0|
    |reg_4550               |   32|   0|   32|          0|
    |reg_4556               |   32|   0|   32|          0|
    |reg_4564               |   32|   0|   32|          0|
    |reg_4572               |   32|   0|   32|          0|
    |reg_4577               |   32|   0|   32|          0|
    |tmp_11_reg_7431        |    8|   0|    8|          0|
    |tmp_12_reg_7584        |    8|   0|    8|          0|
    +-----------------------+-----+----+-----+-----------+
    |Total                  | 1170|   0| 1170|          0|
    +-----------------------+-----+----+-----+-----------+



================================================================
== Interface
================================================================
* Summary: 
+----------------------+-----+-----+------------+--------------+--------------+
|       RTL Ports      | Dir | Bits|  Protocol  | Source Object|    C Type    |
+----------------------+-----+-----+------------+--------------+--------------+
|ap_clk                |  in |    1| ap_ctrl_hs |      dft     | return value |
|ap_rst                |  in |    1| ap_ctrl_hs |      dft     | return value |
|ap_start              |  in |    1| ap_ctrl_hs |      dft     | return value |
|ap_done               | out |    1| ap_ctrl_hs |      dft     | return value |
|ap_idle               | out |    1| ap_ctrl_hs |      dft     | return value |
|ap_ready              | out |    1| ap_ctrl_hs |      dft     | return value |
|real_sample_address0  | out |    8|  ap_memory |  real_sample |     array    |
|real_sample_ce0       | out |    1|  ap_memory |  real_sample |     array    |
|real_sample_q0        |  in |   32|  ap_memory |  real_sample |     array    |
|imag_sample_address0  | out |    8|  ap_memory |  imag_sample |     array    |
|imag_sample_ce0       | out |    1|  ap_memory |  imag_sample |     array    |
|imag_sample_q0        |  in |   32|  ap_memory |  imag_sample |     array    |
|outReal_address0      | out |    8|  ap_memory |    outReal   |     array    |
|outReal_ce0           | out |    1|  ap_memory |    outReal   |     array    |
|outReal_we0           | out |    1|  ap_memory |    outReal   |     array    |
|outReal_d0            | out |   32|  ap_memory |    outReal   |     array    |
|outImag_address0      | out |    8|  ap_memory |    outImag   |     array    |
|outImag_ce0           | out |    1|  ap_memory |    outImag   |     array    |
|outImag_we0           | out |    1|  ap_memory |    outImag   |     array    |
|outImag_d0            | out |   32|  ap_memory |    outImag   |     array    |
+----------------------+-----+-----+------------+--------------+--------------+

