

================================================================
== Vivado HLS Report for 'cordiccart2pol'
================================================================
* Date:           Fri Oct 26 15:57:48 2018

* Version:        2017.4 (Build 2086221 on Fri Dec 15 21:13:33 MST 2017)
* Project:        cordiccart2pol
* Solution:       solution1
* Product family: zynq
* Target device:  xc7z020clg400-1


================================================================
== Performance Estimates
================================================================
+ Timing (ns): 
    * Summary: 
    +--------+-------+----------+------------+
    |  Clock | Target| Estimated| Uncertainty|
    +--------+-------+----------+------------+
    |ap_clk  |  10.00|      8.60|        1.25|
    +--------+-------+----------+------------+

+ Latency (clock cycles): 
    * Summary: 
    +-----+-----+-----+-----+---------+
    |  Latency  |  Interval | Pipeline|
    | min | max | min | max |   Type  |
    +-----+-----+-----+-----+---------+
    |    5|    5|    5|    5|   none  |
    +-----+-----+-----+-----+---------+

    + Detail: 
        * Instance: 
        N/A

        * Loop: 
        N/A



================================================================
== Utilization Estimates
================================================================
* Summary: 
+-----------------+---------+-------+--------+-------+
|       Name      | BRAM_18K| DSP48E|   FF   |  LUT  |
+-----------------+---------+-------+--------+-------+
|DSP              |        -|      -|       -|      -|
|Expression       |        -|      -|       0|   3784|
|FIFO             |        -|      -|       -|      -|
|Instance         |        -|      0|     200|    276|
|Memory           |        -|      -|      64|  16384|
|Multiplexer      |        -|      -|       -|     38|
|Register         |        -|      -|     930|      -|
+-----------------+---------+-------+--------+-------+
|Total            |        0|      0|    1194|  20482|
+-----------------+---------+-------+--------+-------+
|Available        |      280|    220|  106400|  53200|
+-----------------+---------+-------+--------+-------+
|Utilization (%)  |        0|      0|       1|     38|
+-----------------+---------+-------+--------+-------+

+ Detail: 
    * Instance: 
    +-------------------------+----------------------+---------+-------+-----+-----+
    |         Instance        |        Module        | BRAM_18K| DSP48E|  FF | LUT |
    +-------------------------+----------------------+---------+-------+-----+-----+
    |cordiccart2pol_fpdEe_U1  |cordiccart2pol_fpdEe  |        0|      0|  100|  138|
    |cordiccart2pol_fpdEe_U2  |cordiccart2pol_fpdEe  |        0|      0|  100|  138|
    +-------------------------+----------------------+---------+-------+-----+-----+
    |Total                    |                      |        0|      0|  200|  276|
    +-------------------------+----------------------+---------+-------+-----+-----+

    * DSP48: 
    N/A

    * Memory: 
    +-------------+----------------------+---------+----+------+-------+-----+------+-------------+
    |    Memory   |        Module        | BRAM_18K| FF |  LUT | Words | Bits| Banks| W*Bits*Banks|
    +-------------+----------------------+---------+----+------+-------+-----+------+-------------+
    |my_LUT_r_U   |cordiccart2pol_mybkb  |        0|  32|  8192|  16384|   32|     1|       524288|
    |my_LUT_th_U  |cordiccart2pol_mybkb  |        0|  32|  8192|  16384|   32|     1|       524288|
    +-------------+----------------------+---------+----+------+-------+-----+------+-------------+
    |Total        |                      |        0|  64| 16384|  32768|   64|     2|      1048576|
    +-------------+----------------------+---------+----+------+-------+-----+------+-------------+

    * FIFO: 
    N/A

    * Expression: 
    +------------------------------------+----------+-------+---+-----+------------+------------+
    |            Variable Name           | Operation| DSP48E| FF| LUT | Bitwidth P0| Bitwidth P1|
    +------------------------------------+----------+-------+---+-----+------------+------------+
    |exp_V_1_fu_661_p2                   |     +    |      0|  0|   12|          11|          12|
    |exp_V_fu_394_p2                     |     +    |      0|  0|   12|          11|          12|
    |p_Val2_3_fu_479_p2                  |     +    |      0|  0|   39|          32|          32|
    |p_Val2_8_fu_746_p2                  |     +    |      0|  0|   39|          32|          32|
    |pos1_1_fu_810_p2                    |     +    |      0|  0|   19|           2|          12|
    |pos1_fu_543_p2                      |     +    |      0|  0|   19|           2|          12|
    |pos2_1_fu_819_p2                    |     +    |      0|  0|   19|           2|          12|
    |pos2_fu_552_p2                      |     +    |      0|  0|   19|           2|          12|
    |tmp_12_fu_444_p2                    |     +    |      0|  0|   19|           6|          12|
    |tmp_14_fu_521_p2                    |     +    |      0|  0|   12|          12|          12|
    |tmp_32_fu_346_p2                    |     +    |      0|  0|   19|           6|          12|
    |tmp_43_fu_711_p2                    |     +    |      0|  0|   19|           6|          12|
    |tmp_45_fu_788_p2                    |     +    |      0|  0|   12|          12|          12|
    |tmp_s_fu_266_p2                     |     +    |      0|  0|   19|           6|          12|
    |F2_1_fu_334_p2                      |     -    |      0|  0|   19|          11|          12|
    |F2_fu_254_p2                        |     -    |      0|  0|   19|          11|          12|
    |man_V_1_fu_248_p2                   |     -    |      0|  0|   61|           1|          54|
    |man_V_4_fu_328_p2                   |     -    |      0|  0|   61|           1|          54|
    |tmp_1_fu_272_p2                     |     -    |      0|  0|   19|           5|          12|
    |tmp_33_fu_352_p2                    |     -    |      0|  0|   19|           5|          12|
    |Range1_all_ones_1_fu_601_p2         |    and   |      0|  0|    8|           1|           1|
    |Range1_all_ones_2_fu_1257_p2        |    and   |      0|  0|    8|           1|           1|
    |Range1_all_ones_2_i_1_8_fu_1511_p2  |    and   |      0|  0|    8|           1|           1|
    |Range1_all_ones_2_i_fu_1404_p2      |    and   |      0|  0|    8|           1|           1|
    |Range1_all_ones_2_mu_1_fu_1346_p2   |    and   |      0|  0|    8|           1|           1|
    |Range1_all_ones_2_mu_fu_1118_p2     |    and   |      0|  0|    8|           1|           1|
    |Range1_all_ones_3_fu_868_p2         |    and   |      0|  0|    8|           1|           1|
    |Range1_all_ones_fu_1029_p2          |    and   |      0|  0|    8|           1|           1|
    |brmerge121_demorgan_1_fu_1566_p2    |    and   |      0|  0|    8|           1|           1|
    |brmerge121_demorgan_s_fu_1459_p2    |    and   |      0|  0|    8|           1|           1|
    |carry_1_i_i1_fu_983_p2              |    and   |      0|  0|    8|           1|           1|
    |carry_1_i_i_fu_1211_p2              |    and   |      0|  0|    8|           1|           1|
    |deleted_zeros_0_not_1_fu_1546_p2    |    and   |      0|  0|    8|           1|           1|
    |deleted_zeros_0_not_s_fu_1439_p2    |    and   |      0|  0|    8|           1|           1|
    |or_cond115_i_i1_fu_1002_p2          |    and   |      0|  0|    8|           1|           1|
    |or_cond115_i_i_fu_1230_p2           |    and   |      0|  0|    8|           1|           1|
    |or_cond117_i_i1_fu_1025_p2          |    and   |      0|  0|    8|           1|           1|
    |or_cond117_i_i_fu_1253_p2           |    and   |      0|  0|    8|           1|           1|
    |overflow_1_fu_1560_p2               |    and   |      0|  0|    8|           1|           1|
    |overflow_fu_1453_p2                 |    and   |      0|  0|    8|           1|           1|
    |p_122_i_i1_fu_1044_p2               |    and   |      0|  0|    8|           1|           1|
    |p_122_i_i_fu_1272_p2                |    and   |      0|  0|    8|           1|           1|
    |sel_tmp11_fu_655_p2                 |    and   |      0|  0|    8|           1|           1|
    |sel_tmp15_fu_1422_p2                |    and   |      0|  0|    8|           1|           1|
    |sel_tmp16_fu_1427_p2                |    and   |      0|  0|    8|           1|           1|
    |sel_tmp18_fu_1506_p2                |    and   |      0|  0|    8|           1|           1|
    |sel_tmp21_fu_766_p2                 |    and   |      0|  0|    8|           1|           1|
    |sel_tmp22_fu_1166_p2                |    and   |      0|  0|    8|           1|           1|
    |sel_tmp25_fu_1182_p2                |    and   |      0|  0|    8|           1|           1|
    |sel_tmp28_fu_776_p2                 |    and   |      0|  0|    8|           1|           1|
    |sel_tmp2_fu_499_p2                  |    and   |      0|  0|    8|           1|           1|
    |sel_tmp30_fu_922_p2                 |    and   |      0|  0|    8|           1|           1|
    |sel_tmp34_fu_1529_p2                |    and   |      0|  0|    8|           1|           1|
    |sel_tmp35_fu_1534_p2                |    and   |      0|  0|    8|           1|           1|
    |sel_tmp37_fu_1613_p2                |    and   |      0|  0|    8|           1|           1|
    |sel_tmp3_fu_938_p2                  |    and   |      0|  0|    8|           1|           1|
    |sel_tmp6_fu_509_p2                  |    and   |      0|  0|    8|           1|           1|
    |sel_tmp8_fu_954_p2                  |    and   |      0|  0|    8|           1|           1|
    |tmp10_fu_1607_p2                    |    and   |      0|  0|    8|           1|           1|
    |tmp2_fu_595_p2                      |    and   |      0|  0|    8|           1|           1|
    |tmp4_fu_1418_p2                     |    and   |      0|  0|    8|           1|           1|
    |tmp5_fu_1500_p2                     |    and   |      0|  0|    8|           1|           1|
    |tmp7_fu_862_p2                      |    and   |      0|  0|    8|           1|           1|
    |tmp9_fu_1525_p2                     |    and   |      0|  0|    8|           1|           1|
    |underflow_1_fu_1577_p2              |    and   |      0|  0|    8|           1|           1|
    |underflow_fu_1470_p2                |    and   |      0|  0|    8|           1|           1|
    |tmp_19_fu_585_p2                    |   ashr   |      0|  0|  162|          54|          54|
    |tmp_39_fu_687_p2                    |   ashr   |      0|  0|  162|          54|          54|
    |tmp_48_fu_852_p2                    |   ashr   |      0|  0|  162|          54|          54|
    |tmp_9_fu_420_p2                     |   ashr   |      0|  0|  162|          54|          54|
    |QUAN_INC_1_fu_340_p2                |   icmp   |      0|  0|   13|          12|           5|
    |QUAN_INC_fu_260_p2                  |   icmp   |      0|  0|   13|          12|           5|
    |Range1_all_zeros_1_fu_637_p2        |   icmp   |      0|  0|   29|          54|           1|
    |Range1_all_zeros_3_fu_904_p2        |   icmp   |      0|  0|   29|          54|           1|
    |Range2_all_ones_1_fu_1240_p2        |   icmp   |      0|  0|   29|          54|          54|
    |Range2_all_ones_fu_1012_p2          |   icmp   |      0|  0|   29|          54|          54|
    |icmp1_fu_382_p2                     |   icmp   |      0|  0|   11|           7|           1|
    |icmp2_fu_804_p2                     |   icmp   |      0|  0|   13|          11|           1|
    |icmp5_fu_537_p2                     |   icmp   |      0|  0|   13|          11|           1|
    |icmp_fu_302_p2                      |   icmp   |      0|  0|   11|           7|           1|
    |sel_tmp27_fu_771_p2                 |   icmp   |      0|  0|   13|          12|           5|
    |sel_tmp5_fu_504_p2                  |   icmp   |      0|  0|   13|          12|           5|
    |tmp_11_fu_308_p2                    |   icmp   |      0|  0|   13|          12|           6|
    |tmp_15_fu_561_p2                    |   icmp   |      0|  0|   13|          12|           6|
    |tmp_20_fu_615_p2                    |   icmp   |      0|  0|   13|          12|           6|
    |tmp_23_fu_1034_p2                   |   icmp   |      0|  0|   29|          54|           1|
    |tmp_24_fu_631_p2                    |   icmp   |      0|  0|   13|          12|           6|
    |tmp_31_fu_228_p2                    |   icmp   |      0|  0|   29|          63|           1|
    |tmp_34_fu_674_p2                    |   icmp   |      0|  0|   13|          12|           5|
    |tmp_35_fu_366_p2                    |   icmp   |      0|  0|   13|          12|           6|
    |tmp_3_fu_407_p2                     |   icmp   |      0|  0|   13|          12|           5|
    |tmp_42_fu_388_p2                    |   icmp   |      0|  0|   13|          12|           6|
    |tmp_46_fu_828_p2                    |   icmp   |      0|  0|   13|          12|           6|
    |tmp_50_fu_882_p2                    |   icmp   |      0|  0|   13|          12|           6|
    |tmp_52_fu_1262_p2                   |   icmp   |      0|  0|   29|          54|           1|
    |tmp_53_fu_898_p2                    |   icmp   |      0|  0|   13|          12|           6|
    |tmp_5_fu_286_p2                     |   icmp   |      0|  0|   13|          12|           6|
    |tmp_7_fu_192_p2                     |   icmp   |      0|  0|   29|          63|           1|
    |Range2_V_1_fu_625_p2                |   lshr   |      0|  0|  162|          54|          54|
    |Range2_V_3_fu_892_p2                |   lshr   |      0|  0|  162|          54|          54|
    |r_V_1_fu_1235_p2                    |   lshr   |      0|  0|  162|           2|          54|
    |r_V_fu_1007_p2                      |   lshr   |      0|  0|  162|           2|          54|
    |brmerge123_i_i1_fu_1112_p2          |    or    |      0|  0|    8|           1|           1|
    |brmerge123_i_i_fu_1340_p2           |    or    |      0|  0|    8|           1|           1|
    |brmerge_i_i1_fu_1443_p2             |    or    |      0|  0|    8|           1|           1|
    |brmerge_i_i_fu_1550_p2              |    or    |      0|  0|    8|           1|           1|
    |brmerge_i_i_i1_fu_1476_p2           |    or    |      0|  0|    8|           1|           1|
    |brmerge_i_i_i_fu_1583_p2            |    or    |      0|  0|    8|           1|           1|
    |carry_1_not_i_i1_fu_1101_p2         |    or    |      0|  0|    8|           1|           1|
    |carry_1_not_i_i_fu_1329_p2          |    or    |      0|  0|    8|           1|           1|
    |deleted_ones_0_i_i1_fu_1414_p2      |    or    |      0|  0|    8|           1|           1|
    |deleted_ones_0_i_i_fu_1521_p2       |    or    |      0|  0|    8|           1|           1|
    |p_119_i_i1_fu_1050_p2               |    or    |      0|  0|    8|           1|           1|
    |p_119_i_i_fu_1278_p2                |    or    |      0|  0|    8|           1|           1|
    |p_120_i_i1_fu_1131_p2               |    or    |      0|  0|    8|           1|           1|
    |p_120_i_i_fu_1359_p2                |    or    |      0|  0|    8|           1|           1|
    |sel_tmp10_fu_649_p2                 |    or    |      0|  0|    8|           1|           1|
    |sel_tmp122_demorgan_fu_1598_p2      |    or    |      0|  0|    8|           1|           1|
    |sel_tmp29_fu_916_p2                 |    or    |      0|  0|    8|           1|           1|
    |sel_tmp57_demorgan_fu_1491_p2       |    or    |      0|  0|    8|           1|           1|
    |tmp128_demorgan_fu_973_p2           |    or    |      0|  0|    8|           1|           1|
    |tmp134_demorgan_fu_1201_p2          |    or    |      0|  0|    8|           1|           1|
    |tmp3_fu_1096_p2                     |    or    |      0|  0|    8|           1|           1|
    |tmp8_fu_1324_p2                     |    or    |      0|  0|    8|           1|           1|
    |Range1_all_ones_2_i_1_fu_1287_p3    |  select  |      0|  0|    2|           1|           1|
    |Range1_all_ones_2_i_s_fu_1059_p3    |  select  |      0|  0|    2|           1|           1|
    |Range1_all_zeros_2_i_1_fu_1302_p3   |  select  |      0|  0|    2|           1|           1|
    |Range1_all_zeros_2_i_fu_1074_p3     |  select  |      0|  0|    2|           1|           1|
    |Range2_all_ones_1_i_1_fu_1245_p3    |  select  |      0|  0|    2|           1|           1|
    |Range2_all_ones_1_i_s_fu_1017_p3    |  select  |      0|  0|    2|           1|           1|
    |deleted_ones_1_fu_1365_p3           |  select  |      0|  0|    2|           1|           1|
    |deleted_ones_fu_1137_p3             |  select  |      0|  0|    2|           1|           1|
    |deleted_zeros_1_fu_1310_p3          |  select  |      0|  0|    2|           1|           1|
    |deleted_zeros_fu_1082_p3            |  select  |      0|  0|    2|           1|           1|
    |p_Repl2_1_fu_1538_p3                |  select  |      0|  0|    2|           1|           1|
    |p_Repl2_s_fu_1431_p3                |  select  |      0|  0|    2|           1|           1|
    |p_Val2_0_i_i_i1_fu_430_p3           |  select  |      0|  0|    2|           1|           2|
    |p_Val2_0_i_i_i3_fu_697_p3           |  select  |      0|  0|    2|           1|           2|
    |p_Val2_11_fu_666_p3                 |  select  |      0|  0|   54|           1|          54|
    |p_Val2_2_fu_437_p3                  |  select  |      0|  0|   32|           1|          32|
    |p_Val2_4_fu_966_p3                  |  select  |      0|  0|   32|           1|          32|
    |p_Val2_7_fu_704_p3                  |  select  |      0|  0|   32|           1|          32|
    |p_Val2_9_fu_1194_p3                 |  select  |      0|  0|   32|           1|          32|
    |p_Val2_s_fu_399_p3                  |  select  |      0|  0|   54|           1|          54|
    |qb_1_fu_728_p3                      |  select  |      0|  0|    2|           1|           1|
    |qb_fu_461_p3                        |  select  |      0|  0|    2|           1|           1|
    |sel_tmp12_fu_1054_p3                |  select  |      0|  0|    2|           1|           1|
    |sel_tmp13_fu_1067_p3                |  select  |      0|  0|    2|           1|           1|
    |sel_tmp19_fu_1160_p3                |  select  |      0|  0|   32|           1|          32|
    |sel_tmp23_fu_1170_p3                |  select  |      0|  0|   32|           1|          32|
    |sel_tmp26_fu_1187_p3                |  select  |      0|  0|   32|           1|          32|
    |sel_tmp31_fu_1282_p3                |  select  |      0|  0|    2|           1|           1|
    |sel_tmp32_fu_1295_p3                |  select  |      0|  0|    2|           1|           1|
    |sel_tmp4_fu_942_p3                  |  select  |      0|  0|   32|           1|          32|
    |sel_tmp9_fu_959_p3                  |  select  |      0|  0|   32|           1|          32|
    |sel_tmp_fu_932_p3                   |  select  |      0|  0|   32|           1|          32|
    |sh_amt_1_fu_358_p3                  |  select  |      0|  0|   12|           1|          12|
    |sh_amt_fu_278_p3                    |  select  |      0|  0|   12|           1|          12|
    |tmp129_cast_cast_fu_514_p3          |  select  |      0|  0|    2|           1|           2|
    |tmp135_cast_cast_fu_781_p3          |  select  |      0|  0|    2|           1|           2|
    |tmp_57_fu_1628_p3                   |  select  |      0|  0|    7|           1|           1|
    |tmp_59_fu_1634_p3                   |  select  |      0|  0|    7|           1|           7|
    |tmp_60_fu_1641_p3                   |  select  |      0|  0|    7|           1|           7|
    |tmp_63_fu_1659_p3                   |  select  |      0|  0|    7|           1|           1|
    |tmp_64_fu_1665_p3                   |  select  |      0|  0|    7|           1|           7|
    |tmp_65_fu_1672_p3                   |  select  |      0|  0|    7|           1|           7|
    |tmp_40_fu_1156_p2                   |    shl   |      0|  0|  101|          32|          32|
    |tmp_6_fu_928_p2                     |    shl   |      0|  0|  101|          32|          32|
    |Range1_all_zeros_2_fu_1267_p2       |    xor   |      0|  0|    8|           2|           1|
    |Range1_all_zeros_fu_1039_p2         |    xor   |      0|  0|    8|           2|           1|
    |Range2_all_ones_1_no_1_fu_1334_p2   |    xor   |      0|  0|    8|           2|           1|
    |Range2_all_ones_1_no_fu_1106_p2     |    xor   |      0|  0|    8|           2|           1|
    |brmerge121_i_i1_fu_1464_p2          |    xor   |      0|  0|    8|           1|           2|
    |brmerge121_i_i_fu_1571_p2           |    xor   |      0|  0|    8|           1|           2|
    |deleted_zeros_1_not_fu_1378_p2      |    xor   |      0|  0|    8|           1|           2|
    |deleted_zeros_not_fu_1150_p2        |    xor   |      0|  0|    8|           1|           2|
    |rev1_fu_842_p2                      |    xor   |      0|  0|    8|           1|           2|
    |rev2_fu_1225_p2                     |    xor   |      0|  0|    8|           1|           2|
    |rev9_fu_997_p2                      |    xor   |      0|  0|    8|           1|           2|
    |rev_fu_575_p2                       |    xor   |      0|  0|    8|           1|           2|
    |sel_tmp14_fu_1145_p2                |    xor   |      0|  0|    8|           1|           2|
    |sel_tmp17_fu_1495_p2                |    xor   |      0|  0|    8|           1|           2|
    |sel_tmp18_not_fu_1090_p2            |    xor   |      0|  0|    8|           1|           2|
    |sel_tmp1_fu_493_p2                  |    xor   |      0|  0|    8|           1|           2|
    |sel_tmp20_fu_760_p2                 |    xor   |      0|  0|    8|           1|           2|
    |sel_tmp24_fu_1177_p2                |    xor   |      0|  0|    8|           1|           2|
    |sel_tmp33_fu_1373_p2                |    xor   |      0|  0|    8|           1|           2|
    |sel_tmp36_fu_1602_p2                |    xor   |      0|  0|    8|           1|           2|
    |sel_tmp7_fu_949_p2                  |    xor   |      0|  0|    8|           1|           2|
    |sel_tmp83_not_fu_1318_p2            |    xor   |      0|  0|    8|           1|           2|
    |tmp1_fu_977_p2                      |    xor   |      0|  0|    8|           1|           2|
    |tmp6_fu_1205_p2                     |    xor   |      0|  0|    8|           1|           2|
    |tmp_22_not_fu_643_p2                |    xor   |      0|  0|    8|           1|           2|
    |tmp_26_fu_1408_p2                   |    xor   |      0|  0|    8|           2|           1|
    |tmp_28_fu_1448_p2                   |    xor   |      0|  0|    8|           1|           2|
    |tmp_53_not_fu_910_p2                |    xor   |      0|  0|    8|           1|           2|
    |tmp_54_fu_1515_p2                   |    xor   |      0|  0|    8|           2|           1|
    |tmp_55_fu_1555_p2                   |    xor   |      0|  0|    8|           1|           2|
    +------------------------------------+----------+-------+---+-----+------------+------------+
    |Total                               |          |      0|  0| 3784|        1392|        1698|
    +------------------------------------+----------+-------+---+-----+------------+------------+

    * Multiplexer: 
    +-----------+----+-----------+-----+-----------+
    |    Name   | LUT| Input Size| Bits| Total Bits|
    +-----------+----+-----------+-----+-----------+
    |ap_NS_fsm  |  38|          7|    1|          7|
    +-----------+----+-----------+-----+-----------+
    |Total      |  38|          7|    1|          7|
    +-----------+----+-----------+-----+-----------+

    * Register: 
    +--------------------------------+----+----+-----+-----------+
    |              Name              | FF | LUT| Bits| Const Bits|
    +--------------------------------+----+----+-----+-----------+
    |F2_1_reg_1813                   |  12|   0|   12|          0|
    |F2_reg_1763                     |  12|   0|   12|          0|
    |QUAN_INC_1_reg_1822             |   1|   0|    1|          0|
    |QUAN_INC_reg_1772               |   1|   0|    1|          0|
    |Range1_all_ones_1_reg_1920      |   1|   0|    1|          0|
    |Range1_all_ones_2_i_1_reg_2127  |   1|   0|    1|          0|
    |Range1_all_ones_2_i_s_reg_2089  |   1|   0|    1|          0|
    |Range1_all_ones_3_reg_2032      |   1|   0|    1|          0|
    |Range1_all_zeros_1_reg_1949     |   1|   0|    1|          0|
    |Range1_all_zeros_3_reg_2061     |   1|   0|    1|          0|
    |Range2_V_1_reg_1943             |  54|   0|   54|          0|
    |Range2_V_3_reg_2055             |  54|   0|   54|          0|
    |ap_CS_fsm                       |   6|   0|    6|          0|
    |carry_1_i_i1_reg_2077           |   1|   0|    1|          0|
    |carry_1_i_i_reg_2115            |   1|   0|    1|          0|
    |deleted_ones_1_reg_2132         |   1|   0|    1|          0|
    |deleted_ones_reg_2094           |   1|   0|    1|          0|
    |deleted_zeros_1_not_reg_2143    |   1|   0|    1|          0|
    |deleted_zeros_not_reg_2105      |   1|   0|    1|          0|
    |exp_tmp_V_1_reg_1731            |  11|   0|   11|          0|
    |exp_tmp_V_reg_1704              |  11|   0|   11|          0|
    |icmp1_reg_1838                  |   1|   0|    1|          0|
    |icmp2_reg_2007                  |   1|   0|    1|          0|
    |icmp5_reg_1895                  |   1|   0|    1|          0|
    |icmp_reg_1788                   |   1|   0|    1|          0|
    |isneg_1_reg_1721                |   1|   0|    1|          0|
    |isneg_reg_1694                  |   1|   0|    1|          0|
    |man_V_1_reg_1758                |  54|   0|   54|          0|
    |man_V_4_reg_1808                |  54|   0|   54|          0|
    |newsignbit_1_reg_2120           |   1|   0|    1|          0|
    |newsignbit_reg_2082             |   1|   0|    1|          0|
    |p_Result_3_reg_1753             |  52|   0|   54|          2|
    |p_Result_4_reg_1803             |  52|   0|   54|          2|
    |p_Val2_3_reg_1870               |  32|   0|   32|          0|
    |p_Val2_4_reg_2072               |  32|   0|   32|          0|
    |p_Val2_8_reg_1982               |  32|   0|   32|          0|
    |p_Val2_9_reg_2110               |  32|   0|   32|          0|
    |pos1_1_reg_2013                 |  12|   0|   12|          0|
    |pos1_reg_1901                   |  12|   0|   12|          0|
    |rev1_reg_2025                   |   1|   0|    1|          0|
    |rev_reg_1913                    |   1|   0|    1|          0|
    |sel_tmp11_reg_1954              |   1|   0|    1|          0|
    |sel_tmp14_reg_2099              |   1|   0|    1|          0|
    |sel_tmp21_reg_1994              |   1|   0|    1|          0|
    |sel_tmp28_reg_2000              |   1|   0|    1|          0|
    |sel_tmp2_reg_1882               |   1|   0|    1|          0|
    |sel_tmp30_reg_2066              |   1|   0|    1|          0|
    |sel_tmp33_reg_2137              |   1|   0|    1|          0|
    |sel_tmp6_reg_1888               |   1|   0|    1|          0|
    |sh_amt_1_cast_reg_1960          |  32|   0|   32|          0|
    |sh_amt_1_reg_1828               |  12|   0|   12|          0|
    |sh_amt_cast_reg_1848            |  32|   0|   32|          0|
    |sh_amt_reg_1778                 |  12|   0|   12|          0|
    |tmp_10_reg_1709                 |  52|   0|   52|          0|
    |tmp_11_reg_1793                 |   1|   0|    1|          0|
    |tmp_15_reg_1906                 |   1|   0|    1|          0|
    |tmp_16_reg_1858                 |  32|   0|   32|          0|
    |tmp_20_reg_1932                 |   1|   0|    1|          0|
    |tmp_22_reg_1938                 |  32|   0|   54|         22|
    |tmp_29_reg_1798                 |  11|   0|   12|          1|
    |tmp_2_reg_1748                  |  11|   0|   12|          1|
    |tmp_31_reg_1741                 |   1|   0|    1|          0|
    |tmp_34_reg_1965                 |   1|   0|    1|          0|
    |tmp_35_reg_1833                 |   1|   0|    1|          0|
    |tmp_36_reg_1864                 |   1|   0|    1|          0|
    |tmp_38_reg_1876                 |   1|   0|    1|          0|
    |tmp_3_reg_1853                  |   1|   0|    1|          0|
    |tmp_42_reg_1843                 |   1|   0|    1|          0|
    |tmp_46_reg_2018                 |   1|   0|    1|          0|
    |tmp_50_reg_2044                 |   1|   0|    1|          0|
    |tmp_51_reg_2050                 |  32|   0|   54|         22|
    |tmp_56_reg_2148                 |   7|   0|    7|          0|
    |tmp_58_reg_1927                 |   1|   0|    1|          0|
    |tmp_5_reg_1783                  |   1|   0|    1|          0|
    |tmp_62_reg_2154                 |   7|   0|    7|          0|
    |tmp_74_reg_1736                 |  52|   0|   52|          0|
    |tmp_75_reg_1970                 |  32|   0|   32|          0|
    |tmp_79_reg_1976                 |   1|   0|    1|          0|
    |tmp_7_reg_1714                  |   1|   0|    1|          0|
    |tmp_80_reg_1988                 |   1|   0|    1|          0|
    |tmp_85_reg_2039                 |   1|   0|    1|          0|
    +--------------------------------+----+----+-----+-----------+
    |Total                           | 930|   0|  980|         50|
    +--------------------------------+----+----+-----+-----------+



================================================================
== Interface
================================================================
* Summary: 
+--------------+-----+-----+------------+----------------+--------------+
|   RTL Ports  | Dir | Bits|  Protocol  |  Source Object |    C Type    |
+--------------+-----+-----+------------+----------------+--------------+
|ap_clk        |  in |    1| ap_ctrl_hs | cordiccart2pol | return value |
|ap_rst        |  in |    1| ap_ctrl_hs | cordiccart2pol | return value |
|ap_start      |  in |    1| ap_ctrl_hs | cordiccart2pol | return value |
|ap_done       | out |    1| ap_ctrl_hs | cordiccart2pol | return value |
|ap_idle       | out |    1| ap_ctrl_hs | cordiccart2pol | return value |
|ap_ready      | out |    1| ap_ctrl_hs | cordiccart2pol | return value |
|x             |  in |   32|   ap_none  |        x       |    scalar    |
|y             |  in |   32|   ap_none  |        y       |    scalar    |
|r             | out |   32|   ap_vld   |        r       |    pointer   |
|r_ap_vld      | out |    1|   ap_vld   |        r       |    pointer   |
|theta         | out |   32|   ap_vld   |      theta     |    pointer   |
|theta_ap_vld  | out |    1|   ap_vld   |      theta     |    pointer   |
+--------------+-----+-----+------------+----------------+--------------+

